Building trisc1, compile step:
/home/ubuntu/accelerator-projects-20260908/tt-row-reduce-lab/tt-metal/runtime/sfpi/compiler/bin/riscv-tt-elf-g++ -O3 -std=c++17 -ftt-nttp -ftt-constinit -ftt-consteval -ftt-no-dyninit -flto=auto -ffast-math -fno-finite-math-only -fsigned-zeros -fno-associative-math -fno-exceptions -fno-rtti -fno-use-cxa-atexit -g -MMD -Wall -Werror -Wno-error=deprecated-declarations -Wno-error=multistatement-macros -Wno-error=parentheses -Wno-error=unused-but-set-variable -Wno-unused-variable -Wno-unused-function --param=min-pagesize=0 -mcpu=tt-wh-tensix -I. -I.. -I/home/ubuntu/accelerator-projects-20260908/tt-row-reduce-lab/tt-metal/ -I/home/ubuntu/accelerator-projects-20260908/tt-row-reduce-lab/tt-metal/ttnn -I/home/ubuntu/accelerator-projects-20260908/tt-row-reduce-lab/tt-metal/ttnn/cpp -I/home/ubuntu/accelerator-projects-20260908/tt-row-reduce-lab/tt-metal/tt_metal -I/home/ubuntu/accelerator-projects-20260908/tt-row-reduce-lab/tt-metal/tt_metal/hw/inc -I/home/ubuntu/accelerator-projects-20260908/tt-row-reduce-lab/tt-metal/tt_metal/tt-llk/common -I/home/ubuntu/accelerator-projects-20260908/tt-row-reduce-lab/tt-metal/tt_metal/tt-llk/tools/include -I/home/ubuntu/accelerator-projects-20260908/tt-row-reduce-lab/tt-metal/tt_metal/hostdevcommon/api -I/home/ubuntu/accelerator-projects-20260908/tt-row-reduce-lab/tt-metal/tt_metal/api/ -I/home/ubuntu/accelerator-projects-20260908/tt-row-reduce-lab/tt-metal/runtime/sfpi/include -I/home/ubuntu/accelerator-projects-20260908/tt-row-reduce-lab/tt-metal/tt_metal/hw/ckernels/wormhole_b0/metal/common -I/home/ubuntu/accelerator-projects-20260908/tt-row-reduce-lab/tt-metal/tt_metal/hw/ckernels/wormhole_b0/metal/llk_io -I/home/ubuntu/accelerator-projects-20260908/tt-row-reduce-lab/tt-metal/tt_metal/hw/inc/internal/tt-1xx -I/home/ubuntu/accelerator-projects-20260908/tt-row-reduce-lab/tt-metal/tt_metal/hw/inc/internal/tt-1xx/wormhole -I/home/ubuntu/accelerator-projects-20260908/tt-row-reduce-lab/tt-metal/tt_metal/hw/inc/internal/tt-1xx/wormhole/wormhole_b0_defines -I/home/ubuntu/accelerator-projects-20260908/tt-row-reduce-lab/tt-metal/tt_metal/hw/inc/internal/tt-1xx/wormhole/noc -I/home/ubuntu/accelerator-projects-20260908/tt-row-reduce-lab/tt-metal/tt_metal/tt-llk/tt_llk_wormhole_b0/common/inc -I/home/ubuntu/accelerator-projects-20260908/tt-row-reduce-lab/tt-metal/tt_metal/tt-llk/tt_llk_wormhole_b0/llk_lib -I/home/ubuntu/accelerator-projects-20260908/tt-row-reduce-lab/tt-metal/tt_metal/hw/ckernels/wormhole_b0/metal/llk_api -I/home/ubuntu/accelerator-projects-20260908/tt-row-reduce-lab/tt-metal/tt_metal/hw/ckernels/wormhole_b0/metal/llk_api/llk_sfpu -I/home/ubuntu/accelerator-projects-20260908/tt-row-reduce-lab/tt-metal/tt_metal/hw/firmware/src/tt-1xx -DIS_NOT_POW2_NUM_DRAM_BANKS=1 -DIS_NOT_POW2_NUM_L1_BANKS=1 -DNUM_DRAM_BANKS=12 -DNUM_L1_BANKS=72 -DPCIE_NOC_X=0 -DPCIE_NOC_Y=3 -DTENSIX_FIRMWARE -DLOCAL_MEM_EN=0 -DPROFILE_KERNEL=1 -DPROFILER_FULL_HOST_BUFFER_SIZE_PER_RISC=48000 -DROUTING_FW_ENABLED -DDISABLE_SFPLOADMACRO -DPROCESSOR_INDEX=3 -DUCK_CHLKC_MATH -DCOMPILE_FOR_TRISC=1 -DPROGRAMMABLE_CORE_TYPE=0 -DARCH_WORMHOLE -DDISPATCH_MESSAGE_ADDR=4290183304 -DFW_BUILD -c -o /home/ubuntu/accelerator-projects-20260908/tt-row-reduce-lab/kernel-cache/tt-metal-cache2300978436588769951/firmware/trisc1/trisc.17282824022501373698_1454387.o /home/ubuntu/accelerator-projects-20260908/tt-row-reduce-lab/tt-metal/tt_metal/hw/firmware/src/tt-1xx/trisc.cc -MF /home/ubuntu/accelerator-projects-20260908/tt-row-reduce-lab/kernel-cache/tt-metal-cache2300978436588769951/firmware/trisc1/trisc.17282824022501373698_1454387.d
In file included from /home/ubuntu/accelerator-projects-20260908/tt-row-reduce-lab/tt-metal/tt_metal/hw/firmware/src/tt-1xx/trisc.cc:13:
/home/ubuntu/accelerator-projects-20260908/tt-row-reduce-lab/tt-metal/tt_metal/hw/firmware/src/tt-1xx/trisc.cc: In function 'int main(int, char**)':
/home/ubuntu/accelerator-projects-20260908/tt-row-reduce-lab/tt-metal/tt_metal/tools/profiler/kernel_profiler.hpp:31:22: note: '#pragma message: TRISC-FW,/home/ubuntu/accelerator-projects-20260908/tt-row-reduce-lab/tt-metal/tt_metal/hw/firmware/src/tt-1xx/trisc.cc,150,KERNEL_PROFILER'
   31 | #define DO_PRAGMA(x) _Pragma(#x)
      |                      ^~~~~~~
/home/ubuntu/accelerator-projects-20260908/tt-row-reduce-lab/tt-metal/tt_metal/tools/profiler/kernel_profiler.hpp:1040:5: note: in expansion of macro 'DO_PRAGMA'
 1040 |     DO_PRAGMA(message(PROFILER_MSG_NAME(name)));                               \
      |     ^~~~~~~~~
/home/ubuntu/accelerator-projects-20260908/tt-row-reduce-lab/tt-metal/tt_metal/hw/firmware/src/tt-1xx/trisc.cc:150:9: note: in expansion of macro 'DeviceZoneScopedMainN'
  150 |         DeviceZoneScopedMainN("TRISC-FW");
      |         ^~~~~~~~~~~~~~~~~~~~~
Building trisc0, compile step:
/home/ubuntu/accelerator-projects-20260908/tt-row-reduce-lab/tt-metal/runtime/sfpi/compiler/bin/riscv-tt-elf-g++ -O3 -std=c++17 -ftt-nttp -ftt-constinit -ftt-consteval -ftt-no-dyninit -flto=auto -ffast-math -fno-finite-math-only -fsigned-zeros -fno-associative-math -fno-exceptions -fno-rtti -fno-use-cxa-atexit -g -MMD -Wall -Werror -Wno-error=deprecated-declarations -Wno-error=multistatement-macros -Wno-error=parentheses -Wno-error=unused-but-set-variable -Wno-unused-variable -Wno-unused-function --param=min-pagesize=0 -mcpu=tt-wh-tensix -I. -I.. -I/home/ubuntu/accelerator-projects-20260908/tt-row-reduce-lab/tt-metal/ -I/home/ubuntu/accelerator-projects-20260908/tt-row-reduce-lab/tt-metal/ttnn -I/home/ubuntu/accelerator-projects-20260908/tt-row-reduce-lab/tt-metal/ttnn/cpp -I/home/ubuntu/accelerator-projects-20260908/tt-row-reduce-lab/tt-metal/tt_metal -I/home/ubuntu/accelerator-projects-20260908/tt-row-reduce-lab/tt-metal/tt_metal/hw/inc -I/home/ubuntu/accelerator-projects-20260908/tt-row-reduce-lab/tt-metal/tt_metal/tt-llk/common -I/home/ubuntu/accelerator-projects-20260908/tt-row-reduce-lab/tt-metal/tt_metal/tt-llk/tools/include -I/home/ubuntu/accelerator-projects-20260908/tt-row-reduce-lab/tt-metal/tt_metal/hostdevcommon/api -I/home/ubuntu/accelerator-projects-20260908/tt-row-reduce-lab/tt-metal/tt_metal/api/ -I/home/ubuntu/accelerator-projects-20260908/tt-row-reduce-lab/tt-metal/runtime/sfpi/include -I/home/ubuntu/accelerator-projects-20260908/tt-row-reduce-lab/tt-metal/tt_metal/hw/ckernels/wormhole_b0/metal/common -I/home/ubuntu/accelerator-projects-20260908/tt-row-reduce-lab/tt-metal/tt_metal/hw/ckernels/wormhole_b0/metal/llk_io -I/home/ubuntu/accelerator-projects-20260908/tt-row-reduce-lab/tt-metal/tt_metal/hw/inc/internal/tt-1xx -I/home/ubuntu/accelerator-projects-20260908/tt-row-reduce-lab/tt-metal/tt_metal/hw/inc/internal/tt-1xx/wormhole -I/home/ubuntu/accelerator-projects-20260908/tt-row-reduce-lab/tt-metal/tt_metal/hw/inc/internal/tt-1xx/wormhole/wormhole_b0_defines -I/home/ubuntu/accelerator-projects-20260908/tt-row-reduce-lab/tt-metal/tt_metal/hw/inc/internal/tt-1xx/wormhole/noc -I/home/ubuntu/accelerator-projects-20260908/tt-row-reduce-lab/tt-metal/tt_metal/tt-llk/tt_llk_wormhole_b0/common/inc -I/home/ubuntu/accelerator-projects-20260908/tt-row-reduce-lab/tt-metal/tt_metal/tt-llk/tt_llk_wormhole_b0/llk_lib -I/home/ubuntu/accelerator-projects-20260908/tt-row-reduce-lab/tt-metal/tt_metal/hw/ckernels/wormhole_b0/metal/llk_api -I/home/ubuntu/accelerator-projects-20260908/tt-row-reduce-lab/tt-metal/tt_metal/hw/ckernels/wormhole_b0/metal/llk_api/llk_sfpu -I/home/ubuntu/accelerator-projects-20260908/tt-row-reduce-lab/tt-metal/tt_metal/hw/firmware/src/tt-1xx -DIS_NOT_POW2_NUM_DRAM_BANKS=1 -DIS_NOT_POW2_NUM_L1_BANKS=1 -DNUM_DRAM_BANKS=12 -DNUM_L1_BANKS=72 -DPCIE_NOC_X=0 -DPCIE_NOC_Y=3 -DTENSIX_FIRMWARE -DLOCAL_MEM_EN=0 -DPROFILE_KERNEL=1 -DPROFILER_FULL_HOST_BUFFER_SIZE_PER_RISC=48000 -DROUTING_FW_ENABLED -DDISABLE_SFPLOADMACRO -DPROCESSOR_INDEX=2 -DUCK_CHLKC_UNPACK -DCOMPILE_FOR_TRISC=0 -DPROGRAMMABLE_CORE_TYPE=0 -DARCH_WORMHOLE -DDISPATCH_MESSAGE_ADDR=4290183304 -DFW_BUILD -c -o /home/ubuntu/accelerator-projects-20260908/tt-row-reduce-lab/kernel-cache/tt-metal-cache2300978436588769951/firmware/trisc0/trisc.17282824022501373698_1454387.o /home/ubuntu/accelerator-projects-20260908/tt-row-reduce-lab/tt-metal/tt_metal/hw/firmware/src/tt-1xx/trisc.cc -MF /home/ubuntu/accelerator-projects-20260908/tt-row-reduce-lab/kernel-cache/tt-metal-cache2300978436588769951/firmware/trisc0/trisc.17282824022501373698_1454387.d
In file included from /home/ubuntu/accelerator-projects-20260908/tt-row-reduce-lab/tt-metal/tt_metal/hw/firmware/src/tt-1xx/trisc.cc:13:
/home/ubuntu/accelerator-projects-20260908/tt-row-reduce-lab/tt-metal/tt_metal/hw/firmware/src/tt-1xx/trisc.cc: In function 'int main(int, char**)':
/home/ubuntu/accelerator-projects-20260908/tt-row-reduce-lab/tt-metal/tt_metal/tools/profiler/kernel_profiler.hpp:31:22: note: '#pragma message: TRISC-FW,/home/ubuntu/accelerator-projects-20260908/tt-row-reduce-lab/tt-metal/tt_metal/hw/firmware/src/tt-1xx/trisc.cc,150,KERNEL_PROFILER'
   31 | #define DO_PRAGMA(x) _Pragma(#x)
      |                      ^~~~~~~
/home/ubuntu/accelerator-projects-20260908/tt-row-reduce-lab/tt-metal/tt_metal/tools/profiler/kernel_profiler.hpp:1040:5: note: in expansion of macro 'DO_PRAGMA'
 1040 |     DO_PRAGMA(message(PROFILER_MSG_NAME(name)));                               \
      |     ^~~~~~~~~
/home/ubuntu/accelerator-projects-20260908/tt-row-reduce-lab/tt-metal/tt_metal/hw/firmware/src/tt-1xx/trisc.cc:150:9: note: in expansion of macro 'DeviceZoneScopedMainN'
  150 |         DeviceZoneScopedMainN("TRISC-FW");
      |         ^~~~~~~~~~~~~~~~~~~~~
Building ncrisc, compile step:
/home/ubuntu/accelerator-projects-20260908/tt-row-reduce-lab/tt-metal/runtime/sfpi/compiler/bin/riscv-tt-elf-g++ -Os -std=c++17 -ftt-nttp -ftt-constinit -ftt-consteval -ftt-no-dyninit -flto=auto -ffast-math -fno-finite-math-only -fsigned-zeros -fno-associative-math -fno-exceptions -fno-rtti -fno-use-cxa-atexit -g -MMD -Wall -Werror -Wno-error=deprecated-declarations -Wno-error=multistatement-macros -Wno-error=parentheses -Wno-error=unused-but-set-variable -Wno-unused-variable -Wno-unused-function --param=min-pagesize=0 -mcpu=tt-wh -fno-tree-loop-distribute-patterns -I. -I.. -I/home/ubuntu/accelerator-projects-20260908/tt-row-reduce-lab/tt-metal/ -I/home/ubuntu/accelerator-projects-20260908/tt-row-reduce-lab/tt-metal/ttnn -I/home/ubuntu/accelerator-projects-20260908/tt-row-reduce-lab/tt-metal/ttnn/cpp -I/home/ubuntu/accelerator-projects-20260908/tt-row-reduce-lab/tt-metal/tt_metal -I/home/ubuntu/accelerator-projects-20260908/tt-row-reduce-lab/tt-metal/tt_metal/hw/inc -I/home/ubuntu/accelerator-projects-20260908/tt-row-reduce-lab/tt-metal/tt_metal/tt-llk/common -I/home/ubuntu/accelerator-projects-20260908/tt-row-reduce-lab/tt-metal/tt_metal/tt-llk/tools/include -I/home/ubuntu/accelerator-projects-20260908/tt-row-reduce-lab/tt-metal/tt_metal/hostdevcommon/api -I/home/ubuntu/accelerator-projects-20260908/tt-row-reduce-lab/tt-metal/tt_metal/api/ -I/home/ubuntu/accelerator-projects-20260908/tt-row-reduce-lab/tt-metal/tt_metal/hw/ckernels/wormhole_b0/metal/common -I/home/ubuntu/accelerator-projects-20260908/tt-row-reduce-lab/tt-metal/tt_metal/hw/ckernels/wormhole_b0/metal/llk_io -I/home/ubuntu/accelerator-projects-20260908/tt-row-reduce-lab/tt-metal/tt_metal/hw/inc/internal/tt-1xx -I/home/ubuntu/accelerator-projects-20260908/tt-row-reduce-lab/tt-metal/tt_metal/hw/inc/internal/tt-1xx/wormhole -I/home/ubuntu/accelerator-projects-20260908/tt-row-reduce-lab/tt-metal/tt_metal/hw/inc/internal/tt-1xx/wormhole/wormhole_b0_defines -I/home/ubuntu/accelerator-projects-20260908/tt-row-reduce-lab/tt-metal/tt_metal/hw/inc/internal/tt-1xx/wormhole/noc -I/home/ubuntu/accelerator-projects-20260908/tt-row-reduce-lab/tt-metal/tt_metal/tt-llk/tt_llk_wormhole_b0/common/inc -I/home/ubuntu/accelerator-projects-20260908/tt-row-reduce-lab/tt-metal/tt_metal/tt-llk/tt_llk_wormhole_b0/llk_lib -I/home/ubuntu/accelerator-projects-20260908/tt-row-reduce-lab/tt-metal/tt_metal/hw/firmware/src/tt-1xx -DIS_NOT_POW2_NUM_DRAM_BANKS=1 -DIS_NOT_POW2_NUM_L1_BANKS=1 -DNUM_DRAM_BANKS=12 -DNUM_L1_BANKS=72 -DPCIE_NOC_X=0 -DPCIE_NOC_Y=3 -DTENSIX_FIRMWARE -DLOCAL_MEM_EN=0 -DPROFILE_KERNEL=1 -DPROFILER_FULL_HOST_BUFFER_SIZE_PER_RISC=48000 -DROUTING_FW_ENABLED -DDISABLE_SFPLOADMACRO -DPROCESSOR_INDEX=1 -DCOMPILE_FOR_NCRISC -DPROGRAMMABLE_CORE_TYPE=0 -DARCH_WORMHOLE -DDISPATCH_MESSAGE_ADDR=4290183304 -DFW_BUILD -c -o /home/ubuntu/accelerator-projects-20260908/tt-row-reduce-lab/kernel-cache/tt-metal-cache2300978436588769951/firmware/ncrisc/ncrisc.17282824022501373698_1454387.o /home/ubuntu/accelerator-projects-20260908/tt-row-reduce-lab/tt-metal/tt_metal/hw/firmware/src/tt-1xx/ncrisc.cc -MF /home/ubuntu/accelerator-projects-20260908/tt-row-reduce-lab/kernel-cache/tt-metal-cache2300978436588769951/firmware/ncrisc/ncrisc.17282824022501373698_1454387.d
In file included from /home/ubuntu/accelerator-projects-20260908/tt-row-reduce-lab/tt-metal/tt_metal/hw/firmware/src/tt-1xx/ncrisc.cc:13:
/home/ubuntu/accelerator-projects-20260908/tt-row-reduce-lab/tt-metal/tt_metal/tools/profiler/kernel_profiler.hpp: In function 'void kernel_profiler::quick_push()':
/home/ubuntu/accelerator-projects-20260908/tt-row-reduce-lab/tt-metal/tt_metal/tools/profiler/kernel_profiler.hpp:31:22: note: '#pragma message: PROFILER-NOC-QUICK-PUSH,/home/ubuntu/accelerator-projects-20260908/tt-row-reduce-lab/tt-metal/tt_metal/tools/profiler/kernel_profiler.hpp,632,KERNEL_PROFILER'
   31 | #define DO_PRAGMA(x) _Pragma(#x)
      |                      ^~~~~~~
/home/ubuntu/accelerator-projects-20260908/tt-row-reduce-lab/tt-metal/tt_metal/tools/profiler/kernel_profiler.hpp:41:5: note: in expansion of macro 'DO_PRAGMA'
   41 |     DO_PRAGMA(message(PROFILER_MSG_NAME(name))); \
      |     ^~~~~~~~~
/home/ubuntu/accelerator-projects-20260908/tt-row-reduce-lab/tt-metal/tt_metal/tools/profiler/kernel_profiler.hpp:632:5: note: in expansion of macro 'SrcLocNameToHash'
  632 |     SrcLocNameToHash("PROFILER-NOC-QUICK-PUSH");
      |     ^~~~~~~~~~~~~~~~
/home/ubuntu/accelerator-projects-20260908/tt-row-reduce-lab/tt-metal/tt_metal/hw/firmware/src/tt-1xx/ncrisc.cc: In function 'int main(int, char**)':
/home/ubuntu/accelerator-projects-20260908/tt-row-reduce-lab/tt-metal/tt_metal/tools/profiler/kernel_profiler.hpp:31:22: note: '#pragma message: NCRISC-FW,/home/ubuntu/accelerator-projects-20260908/tt-row-reduce-lab/tt-metal/tt_metal/hw/firmware/src/tt-1xx/ncrisc.cc,129,KERNEL_PROFILER'
   31 | #define DO_PRAGMA(x) _Pragma(#x)
      |                      ^~~~~~~
/home/ubuntu/accelerator-projects-20260908/tt-row-reduce-lab/tt-metal/tt_metal/tools/profiler/kernel_profiler.hpp:1040:5: note: in expansion of macro 'DO_PRAGMA'
 1040 |     DO_PRAGMA(message(PROFILER_MSG_NAME(name)));                               \
      |     ^~~~~~~~~
/home/ubuntu/accelerator-projects-20260908/tt-row-reduce-lab/tt-metal/tt_metal/hw/firmware/src/tt-1xx/ncrisc.cc:129:9: note: in expansion of macro 'DeviceZoneScopedMainN'
  129 |         DeviceZoneScopedMainN("NCRISC-FW");
      |         ^~~~~~~~~~~~~~~~~~~~~
Building brisc, compile step:
/home/ubuntu/accelerator-projects-20260908/tt-row-reduce-lab/tt-metal/runtime/sfpi/compiler/bin/riscv-tt-elf-g++ -Os -std=c++17 -ftt-nttp -ftt-constinit -ftt-consteval -ftt-no-dyninit -flto=auto -ffast-math -fno-finite-math-only -fsigned-zeros -fno-associative-math -fno-exceptions -fno-rtti -fno-use-cxa-atexit -g -MMD -Wall -Werror -Wno-error=deprecated-declarations -Wno-error=multistatement-macros -Wno-error=parentheses -Wno-error=unused-but-set-variable -Wno-unused-variable -Wno-unused-function --param=min-pagesize=0 -mcpu=tt-wh -fno-tree-loop-distribute-patterns -I. -I.. -I/home/ubuntu/accelerator-projects-20260908/tt-row-reduce-lab/tt-metal/ -I/home/ubuntu/accelerator-projects-20260908/tt-row-reduce-lab/tt-metal/ttnn -I/home/ubuntu/accelerator-projects-20260908/tt-row-reduce-lab/tt-metal/ttnn/cpp -I/home/ubuntu/accelerator-projects-20260908/tt-row-reduce-lab/tt-metal/tt_metal -I/home/ubuntu/accelerator-projects-20260908/tt-row-reduce-lab/tt-metal/tt_metal/hw/inc -I/home/ubuntu/accelerator-projects-20260908/tt-row-reduce-lab/tt-metal/tt_metal/tt-llk/common -I/home/ubuntu/accelerator-projects-20260908/tt-row-reduce-lab/tt-metal/tt_metal/tt-llk/tools/include -I/home/ubuntu/accelerator-projects-20260908/tt-row-reduce-lab/tt-metal/tt_metal/hostdevcommon/api -I/home/ubuntu/accelerator-projects-20260908/tt-row-reduce-lab/tt-metal/tt_metal/api/ -I/home/ubuntu/accelerator-projects-20260908/tt-row-reduce-lab/tt-metal/tt_metal/hw/ckernels/wormhole_b0/metal/common -I/home/ubuntu/accelerator-projects-20260908/tt-row-reduce-lab/tt-metal/tt_metal/hw/ckernels/wormhole_b0/metal/llk_io -I/home/ubuntu/accelerator-projects-20260908/tt-row-reduce-lab/tt-metal/tt_metal/hw/inc/internal/tt-1xx -I/home/ubuntu/accelerator-projects-20260908/tt-row-reduce-lab/tt-metal/tt_metal/hw/inc/internal/tt-1xx/wormhole -I/home/ubuntu/accelerator-projects-20260908/tt-row-reduce-lab/tt-metal/tt_metal/hw/inc/internal/tt-1xx/wormhole/wormhole_b0_defines -I/home/ubuntu/accelerator-projects-20260908/tt-row-reduce-lab/tt-metal/tt_metal/hw/inc/internal/tt-1xx/wormhole/noc -I/home/ubuntu/accelerator-projects-20260908/tt-row-reduce-lab/tt-metal/tt_metal/tt-llk/tt_llk_wormhole_b0/common/inc -I/home/ubuntu/accelerator-projects-20260908/tt-row-reduce-lab/tt-metal/tt_metal/tt-llk/tt_llk_wormhole_b0/llk_lib -I/home/ubuntu/accelerator-projects-20260908/tt-row-reduce-lab/tt-metal/tt_metal/hw/firmware/src/tt-1xx -DIS_NOT_POW2_NUM_DRAM_BANKS=1 -DIS_NOT_POW2_NUM_L1_BANKS=1 -DNUM_DRAM_BANKS=12 -DNUM_L1_BANKS=72 -DPCIE_NOC_X=0 -DPCIE_NOC_Y=3 -DTENSIX_FIRMWARE -DLOCAL_MEM_EN=0 -DPROFILE_KERNEL=1 -DPROFILER_FULL_HOST_BUFFER_SIZE_PER_RISC=48000 -DROUTING_FW_ENABLED -DDISABLE_SFPLOADMACRO -DPROCESSOR_INDEX=0 -DCOMPILE_FOR_BRISC -DPROGRAMMABLE_CORE_TYPE=0 -DARCH_WORMHOLE -DDISPATCH_MESSAGE_ADDR=4290183304 -DFW_BUILD -c -o /home/ubuntu/accelerator-projects-20260908/tt-row-reduce-lab/kernel-cache/tt-metal-cache2300978436588769951/firmware/brisc/brisc.17282824022501373698_1454387.o /home/ubuntu/accelerator-projects-20260908/tt-row-reduce-lab/tt-metal/tt_metal/hw/firmware/src/tt-1xx/brisc.cc -MF /home/ubuntu/accelerator-projects-20260908/tt-row-reduce-lab/kernel-cache/tt-metal-cache2300978436588769951/firmware/brisc/brisc.17282824022501373698_1454387.d
In file included from /home/ubuntu/accelerator-projects-20260908/tt-row-reduce-lab/tt-metal/tt_metal/hw/firmware/src/tt-1xx/brisc.cc:21:
/home/ubuntu/accelerator-projects-20260908/tt-row-reduce-lab/tt-metal/tt_metal/tools/profiler/kernel_profiler.hpp: In function 'void kernel_profiler::finish_profiler(bool)':
/home/ubuntu/accelerator-projects-20260908/tt-row-reduce-lab/tt-metal/tt_metal/tools/profiler/kernel_profiler.hpp:31:22: note: '#pragma message: PROFILER-NOC-FLUSH,/home/ubuntu/accelerator-projects-20260908/tt-row-reduce-lab/tt-metal/tt_metal/tools/profiler/kernel_profiler.hpp,480,KERNEL_PROFILER'
   31 | #define DO_PRAGMA(x) _Pragma(#x)
      |                      ^~~~~~~
/home/ubuntu/accelerator-projects-20260908/tt-row-reduce-lab/tt-metal/tt_metal/tools/profiler/kernel_profiler.hpp:41:5: note: in expansion of macro 'DO_PRAGMA'
   41 |     DO_PRAGMA(message(PROFILER_MSG_NAME(name))); \
      |     ^~~~~~~~~
/home/ubuntu/accelerator-projects-20260908/tt-row-reduce-lab/tt-metal/tt_metal/tools/profiler/kernel_profiler.hpp:480:17: note: in expansion of macro 'SrcLocNameToHash'
  480 |                 SrcLocNameToHash("PROFILER-NOC-FLUSH");
      |                 ^~~~~~~~~~~~~~~~
/home/ubuntu/accelerator-projects-20260908/tt-row-reduce-lab/tt-metal/tt_metal/tools/profiler/kernel_profiler.hpp:31:22: note: '#pragma message: PROFILER-DRAM-PUSH,/home/ubuntu/accelerator-projects-20260908/tt-row-reduce-lab/tt-metal/tt_metal/tools/profiler/kernel_profiler.hpp,489,KERNEL_PROFILER'
   31 | #define DO_PRAGMA(x) _Pragma(#x)
      |                      ^~~~~~~
/home/ubuntu/accelerator-projects-20260908/tt-row-reduce-lab/tt-metal/tt_metal/tools/profiler/kernel_profiler.hpp:41:5: note: in expansion of macro 'DO_PRAGMA'
   41 |     DO_PRAGMA(message(PROFILER_MSG_NAME(name))); \
      |     ^~~~~~~~~
/home/ubuntu/accelerator-projects-20260908/tt-row-reduce-lab/tt-metal/tt_metal/tools/profiler/kernel_profiler.hpp:489:17: note: in expansion of macro 'SrcLocNameToHash'
  489 |                 SrcLocNameToHash("PROFILER-DRAM-PUSH");
      |                 ^~~~~~~~~~~~~~~~
/home/ubuntu/accelerator-projects-20260908/tt-row-reduce-lab/tt-metal/tt_metal/tools/profiler/kernel_profiler.hpp: In function 'void kernel_profiler::quick_push()':
/home/ubuntu/accelerator-projects-20260908/tt-row-reduce-lab/tt-metal/tt_metal/tools/profiler/kernel_profiler.hpp:31:22: note: '#pragma message: PROFILER-NOC-QUICK-PUSH,/home/ubuntu/accelerator-projects-20260908/tt-row-reduce-lab/tt-metal/tt_metal/tools/profiler/kernel_profiler.hpp,632,KERNEL_PROFILER'
   31 | #define DO_PRAGMA(x) _Pragma(#x)
      |                      ^~~~~~~
/home/ubuntu/accelerator-projects-20260908/tt-row-reduce-lab/tt-metal/tt_metal/tools/profiler/kernel_profiler.hpp:41:5: note: in expansion of macro 'DO_PRAGMA'
   41 |     DO_PRAGMA(message(PROFILER_MSG_NAME(name))); \
      |     ^~~~~~~~~
/home/ubuntu/accelerator-projects-20260908/tt-row-reduce-lab/tt-metal/tt_metal/tools/profiler/kernel_profiler.hpp:632:5: note: in expansion of macro 'SrcLocNameToHash'
  632 |     SrcLocNameToHash("PROFILER-NOC-QUICK-PUSH");
      |     ^~~~~~~~~~~~~~~~
/home/ubuntu/accelerator-projects-20260908/tt-row-reduce-lab/tt-metal/tt_metal/hw/firmware/src/tt-1xx/brisc.cc: In function 'int main()':
/home/ubuntu/accelerator-projects-20260908/tt-row-reduce-lab/tt-metal/tt_metal/tools/profiler/kernel_profiler.hpp:31:22: note: '#pragma message: BRISC-FW,/home/ubuntu/accelerator-projects-20260908/tt-row-reduce-lab/tt-metal/tt_metal/hw/firmware/src/tt-1xx/brisc.cc,433,KERNEL_PROFILER'
   31 | #define DO_PRAGMA(x) _Pragma(#x)
      |                      ^~~~~~~
/home/ubuntu/accelerator-projects-20260908/tt-row-reduce-lab/tt-metal/tt_metal/tools/profiler/kernel_profiler.hpp:1040:5: note: in expansion of macro 'DO_PRAGMA'
 1040 |     DO_PRAGMA(message(PROFILER_MSG_NAME(name)));                               \
      |     ^~~~~~~~~
/home/ubuntu/accelerator-projects-20260908/tt-row-reduce-lab/tt-metal/tt_metal/hw/firmware/src/tt-1xx/brisc.cc:433:13: note: in expansion of macro 'DeviceZoneScopedMainN'
  433 |             DeviceZoneScopedMainN("BRISC-FW");
      |             ^~~~~~~~~~~~~~~~~~~~~
Building trisc2, compile step:
/home/ubuntu/accelerator-projects-20260908/tt-row-reduce-lab/tt-metal/runtime/sfpi/compiler/bin/riscv-tt-elf-g++ -O3 -std=c++17 -ftt-nttp -ftt-constinit -ftt-consteval -ftt-no-dyninit -flto=auto -ffast-math -fno-finite-math-only -fsigned-zeros -fno-associative-math -fno-exceptions -fno-rtti -fno-use-cxa-atexit -g -MMD -Wall -Werror -Wno-error=deprecated-declarations -Wno-error=multistatement-macros -Wno-error=parentheses -Wno-error=unused-but-set-variable -Wno-unused-variable -Wno-unused-function --param=min-pagesize=0 -mcpu=tt-wh-tensix -I. -I.. -I/home/ubuntu/accelerator-projects-20260908/tt-row-reduce-lab/tt-metal/ -I/home/ubuntu/accelerator-projects-20260908/tt-row-reduce-lab/tt-metal/ttnn -I/home/ubuntu/accelerator-projects-20260908/tt-row-reduce-lab/tt-metal/ttnn/cpp -I/home/ubuntu/accelerator-projects-20260908/tt-row-reduce-lab/tt-metal/tt_metal -I/home/ubuntu/accelerator-projects-20260908/tt-row-reduce-lab/tt-metal/tt_metal/hw/inc -I/home/ubuntu/accelerator-projects-20260908/tt-row-reduce-lab/tt-metal/tt_metal/tt-llk/common -I/home/ubuntu/accelerator-projects-20260908/tt-row-reduce-lab/tt-metal/tt_metal/tt-llk/tools/include -I/home/ubuntu/accelerator-projects-20260908/tt-row-reduce-lab/tt-metal/tt_metal/hostdevcommon/api -I/home/ubuntu/accelerator-projects-20260908/tt-row-reduce-lab/tt-metal/tt_metal/api/ -I/home/ubuntu/accelerator-projects-20260908/tt-row-reduce-lab/tt-metal/runtime/sfpi/include -I/home/ubuntu/accelerator-projects-20260908/tt-row-reduce-lab/tt-metal/tt_metal/hw/ckernels/wormhole_b0/metal/common -I/home/ubuntu/accelerator-projects-20260908/tt-row-reduce-lab/tt-metal/tt_metal/hw/ckernels/wormhole_b0/metal/llk_io -I/home/ubuntu/accelerator-projects-20260908/tt-row-reduce-lab/tt-metal/tt_metal/hw/inc/internal/tt-1xx -I/home/ubuntu/accelerator-projects-20260908/tt-row-reduce-lab/tt-metal/tt_metal/hw/inc/internal/tt-1xx/wormhole -I/home/ubuntu/accelerator-projects-20260908/tt-row-reduce-lab/tt-metal/tt_metal/hw/inc/internal/tt-1xx/wormhole/wormhole_b0_defines -I/home/ubuntu/accelerator-projects-20260908/tt-row-reduce-lab/tt-metal/tt_metal/hw/inc/internal/tt-1xx/wormhole/noc -I/home/ubuntu/accelerator-projects-20260908/tt-row-reduce-lab/tt-metal/tt_metal/tt-llk/tt_llk_wormhole_b0/common/inc -I/home/ubuntu/accelerator-projects-20260908/tt-row-reduce-lab/tt-metal/tt_metal/tt-llk/tt_llk_wormhole_b0/llk_lib -I/home/ubuntu/accelerator-projects-20260908/tt-row-reduce-lab/tt-metal/tt_metal/hw/ckernels/wormhole_b0/metal/llk_api -I/home/ubuntu/accelerator-projects-20260908/tt-row-reduce-lab/tt-metal/tt_metal/hw/ckernels/wormhole_b0/metal/llk_api/llk_sfpu -I/home/ubuntu/accelerator-projects-20260908/tt-row-reduce-lab/tt-metal/tt_metal/hw/firmware/src/tt-1xx -DIS_NOT_POW2_NUM_DRAM_BANKS=1 -DIS_NOT_POW2_NUM_L1_BANKS=1 -DNUM_DRAM_BANKS=12 -DNUM_L1_BANKS=72 -DPCIE_NOC_X=0 -DPCIE_NOC_Y=3 -DTENSIX_FIRMWARE -DLOCAL_MEM_EN=0 -DPROFILE_KERNEL=1 -DPROFILER_FULL_HOST_BUFFER_SIZE_PER_RISC=48000 -DROUTING_FW_ENABLED -DDISABLE_SFPLOADMACRO -DPROCESSOR_INDEX=4 -DUCK_CHLKC_PACK -DCOMPILE_FOR_TRISC=2 -DPROGRAMMABLE_CORE_TYPE=0 -DARCH_WORMHOLE -DDISPATCH_MESSAGE_ADDR=4290183304 -DFW_BUILD -c -o /home/ubuntu/accelerator-projects-20260908/tt-row-reduce-lab/kernel-cache/tt-metal-cache2300978436588769951/firmware/trisc2/trisc.17282824022501373698_1454387.o /home/ubuntu/accelerator-projects-20260908/tt-row-reduce-lab/tt-metal/tt_metal/hw/firmware/src/tt-1xx/trisc.cc -MF /home/ubuntu/accelerator-projects-20260908/tt-row-reduce-lab/kernel-cache/tt-metal-cache2300978436588769951/firmware/trisc2/trisc.17282824022501373698_1454387.d
In file included from /home/ubuntu/accelerator-projects-20260908/tt-row-reduce-lab/tt-metal/tt_metal/hw/firmware/src/tt-1xx/trisc.cc:13:
/home/ubuntu/accelerator-projects-20260908/tt-row-reduce-lab/tt-metal/tt_metal/hw/firmware/src/tt-1xx/trisc.cc: In function 'int main(int, char**)':
/home/ubuntu/accelerator-projects-20260908/tt-row-reduce-lab/tt-metal/tt_metal/tools/profiler/kernel_profiler.hpp:31:22: note: '#pragma message: TRISC-FW,/home/ubuntu/accelerator-projects-20260908/tt-row-reduce-lab/tt-metal/tt_metal/hw/firmware/src/tt-1xx/trisc.cc,150,KERNEL_PROFILER'
   31 | #define DO_PRAGMA(x) _Pragma(#x)
      |                      ^~~~~~~
/home/ubuntu/accelerator-projects-20260908/tt-row-reduce-lab/tt-metal/tt_metal/tools/profiler/kernel_profiler.hpp:1040:5: note: in expansion of macro 'DO_PRAGMA'
 1040 |     DO_PRAGMA(message(PROFILER_MSG_NAME(name)));                               \
      |     ^~~~~~~~~
/home/ubuntu/accelerator-projects-20260908/tt-row-reduce-lab/tt-metal/tt_metal/hw/firmware/src/tt-1xx/trisc.cc:150:9: note: in expansion of macro 'DeviceZoneScopedMainN'
  150 |         DeviceZoneScopedMainN("TRISC-FW");
      |         ^~~~~~~~~~~~~~~~~~~~~
Building idle_erisc, compile step:
/home/ubuntu/accelerator-projects-20260908/tt-row-reduce-lab/tt-metal/runtime/sfpi/compiler/bin/riscv-tt-elf-g++ -Os -std=c++17 -ftt-nttp -ftt-constinit -ftt-consteval -ftt-no-dyninit -flto=auto -ffast-math -fno-finite-math-only -fsigned-zeros -fno-associative-math -fno-exceptions -fno-rtti -fno-use-cxa-atexit -g -MMD -Wall -Werror -Wno-error=deprecated-declarations -Wno-error=multistatement-macros -Wno-error=parentheses -Wno-error=unused-but-set-variable -Wno-unused-variable -Wno-unused-function --param=min-pagesize=0 -mcpu=tt-wh -fno-tree-loop-distribute-patterns -I. -I.. -I/home/ubuntu/accelerator-projects-20260908/tt-row-reduce-lab/tt-metal/ -I/home/ubuntu/accelerator-projects-20260908/tt-row-reduce-lab/tt-metal/ttnn -I/home/ubuntu/accelerator-projects-20260908/tt-row-reduce-lab/tt-metal/ttnn/cpp -I/home/ubuntu/accelerator-projects-20260908/tt-row-reduce-lab/tt-metal/tt_metal -I/home/ubuntu/accelerator-projects-20260908/tt-row-reduce-lab/tt-metal/tt_metal/hw/inc -I/home/ubuntu/accelerator-projects-20260908/tt-row-reduce-lab/tt-metal/tt_metal/tt-llk/common -I/home/ubuntu/accelerator-projects-20260908/tt-row-reduce-lab/tt-metal/tt_metal/tt-llk/tools/include -I/home/ubuntu/accelerator-projects-20260908/tt-row-reduce-lab/tt-metal/tt_metal/hostdevcommon/api -I/home/ubuntu/accelerator-projects-20260908/tt-row-reduce-lab/tt-metal/tt_metal/api/ -I/home/ubuntu/accelerator-projects-20260908/tt-row-reduce-lab/tt-metal/tt_metal/hw/ckernels/wormhole_b0/metal/common -I/home/ubuntu/accelerator-projects-20260908/tt-row-reduce-lab/tt-metal/tt_metal/hw/ckernels/wormhole_b0/metal/llk_io -I/home/ubuntu/accelerator-projects-20260908/tt-row-reduce-lab/tt-metal/tt_metal/hw/inc/internal/tt-1xx -I/home/ubuntu/accelerator-projects-20260908/tt-row-reduce-lab/tt-metal/tt_metal/hw/inc/internal/tt-1xx/wormhole -I/home/ubuntu/accelerator-projects-20260908/tt-row-reduce-lab/tt-metal/tt_metal/hw/inc/internal/tt-1xx/wormhole/wormhole_b0_defines -I/home/ubuntu/accelerator-projects-20260908/tt-row-reduce-lab/tt-metal/tt_metal/hw/inc/internal/tt-1xx/wormhole/noc -I/home/ubuntu/accelerator-projects-20260908/tt-row-reduce-lab/tt-metal/tt_metal/tt-llk/tt_llk_wormhole_b0/common/inc -I/home/ubuntu/accelerator-projects-20260908/tt-row-reduce-lab/tt-metal/tt_metal/tt-llk/tt_llk_wormhole_b0/llk_lib -I/home/ubuntu/accelerator-projects-20260908/tt-row-reduce-lab/tt-metal/tt_metal/hw/firmware/src/tt-1xx -DIS_NOT_POW2_NUM_DRAM_BANKS=1 -DIS_NOT_POW2_NUM_L1_BANKS=1 -DNUM_DRAM_BANKS=12 -DNUM_L1_BANKS=72 -DPCIE_NOC_X=0 -DPCIE_NOC_Y=3 -DTENSIX_FIRMWARE -DLOCAL_MEM_EN=0 -DPROFILE_KERNEL=1 -DPROFILER_FULL_HOST_BUFFER_SIZE_PER_RISC=48000 -DROUTING_FW_ENABLED -DDISABLE_SFPLOADMACRO -DPROCESSOR_INDEX=0 -DCOMPILE_FOR_IDLE_ERISC=0 -DERISC -DRISC_B0_HW -DPROGRAMMABLE_CORE_TYPE=2 -DARCH_WORMHOLE -DDISPATCH_MESSAGE_ADDR=4290183304 -DFW_BUILD -c -o /home/ubuntu/accelerator-projects-20260908/tt-row-reduce-lab/kernel-cache/tt-metal-cache2300978436588769951/firmware/idle_erisc/idle_erisc.17282824022501373698_1454387.o /home/ubuntu/accelerator-projects-20260908/tt-row-reduce-lab/tt-metal/tt_metal/hw/firmware/src/tt-1xx/idle_erisc.cc -MF /home/ubuntu/accelerator-projects-20260908/tt-row-reduce-lab/kernel-cache/tt-metal-cache2300978436588769951/firmware/idle_erisc/idle_erisc.17282824022501373698_1454387.d
In file included from /home/ubuntu/accelerator-projects-20260908/tt-row-reduce-lab/tt-metal/tt_metal/hw/firmware/src/tt-1xx/idle_erisc.cc:19:
/home/ubuntu/accelerator-projects-20260908/tt-row-reduce-lab/tt-metal/tt_metal/tools/profiler/kernel_profiler.hpp: In function 'void kernel_profiler::finish_profiler(bool)':
/home/ubuntu/accelerator-projects-20260908/tt-row-reduce-lab/tt-metal/tt_metal/tools/profiler/kernel_profiler.hpp:31:22: note: '#pragma message: PROFILER-NOC-FLUSH,/home/ubuntu/accelerator-projects-20260908/tt-row-reduce-lab/tt-metal/tt_metal/tools/profiler/kernel_profiler.hpp,480,KERNEL_PROFILER'
   31 | #define DO_PRAGMA(x) _Pragma(#x)
      |                      ^~~~~~~
/home/ubuntu/accelerator-projects-20260908/tt-row-reduce-lab/tt-metal/tt_metal/tools/profiler/kernel_profiler.hpp:41:5: note: in expansion of macro 'DO_PRAGMA'
   41 |     DO_PRAGMA(message(PROFILER_MSG_NAME(name))); \
      |     ^~~~~~~~~
/home/ubuntu/accelerator-projects-20260908/tt-row-reduce-lab/tt-metal/tt_metal/tools/profiler/kernel_profiler.hpp:480:17: note: in expansion of macro 'SrcLocNameToHash'
  480 |                 SrcLocNameToHash("PROFILER-NOC-FLUSH");
      |                 ^~~~~~~~~~~~~~~~
/home/ubuntu/accelerator-projects-20260908/tt-row-reduce-lab/tt-metal/tt_metal/tools/profiler/kernel_profiler.hpp:31:22: note: '#pragma message: PROFILER-DRAM-PUSH,/home/ubuntu/accelerator-projects-20260908/tt-row-reduce-lab/tt-metal/tt_metal/tools/profiler/kernel_profiler.hpp,489,KERNEL_PROFILER'
   31 | #define DO_PRAGMA(x) _Pragma(#x)
      |                      ^~~~~~~
/home/ubuntu/accelerator-projects-20260908/tt-row-reduce-lab/tt-metal/tt_metal/tools/profiler/kernel_profiler.hpp:41:5: note: in expansion of macro 'DO_PRAGMA'
   41 |     DO_PRAGMA(message(PROFILER_MSG_NAME(name))); \
      |     ^~~~~~~~~
/home/ubuntu/accelerator-projects-20260908/tt-row-reduce-lab/tt-metal/tt_metal/tools/profiler/kernel_profiler.hpp:489:17: note: in expansion of macro 'SrcLocNameToHash'
  489 |                 SrcLocNameToHash("PROFILER-DRAM-PUSH");
      |                 ^~~~~~~~~~~~~~~~
/home/ubuntu/accelerator-projects-20260908/tt-row-reduce-lab/tt-metal/tt_metal/tools/profiler/kernel_profiler.hpp: In function 'void kernel_profiler::quick_push()':
/home/ubuntu/accelerator-projects-20260908/tt-row-reduce-lab/tt-metal/tt_metal/tools/profiler/kernel_profiler.hpp:31:22: note: '#pragma message: PROFILER-NOC-QUICK-PUSH,/home/ubuntu/accelerator-projects-20260908/tt-row-reduce-lab/tt-metal/tt_metal/tools/profiler/kernel_profiler.hpp,632,KERNEL_PROFILER'
   31 | #define DO_PRAGMA(x) _Pragma(#x)
      |                      ^~~~~~~
/home/ubuntu/accelerator-projects-20260908/tt-row-reduce-lab/tt-metal/tt_metal/tools/profiler/kernel_profiler.hpp:41:5: note: in expansion of macro 'DO_PRAGMA'
   41 |     DO_PRAGMA(message(PROFILER_MSG_NAME(name))); \
      |     ^~~~~~~~~
/home/ubuntu/accelerator-projects-20260908/tt-row-reduce-lab/tt-metal/tt_metal/tools/profiler/kernel_profiler.hpp:632:5: note: in expansion of macro 'SrcLocNameToHash'
  632 |     SrcLocNameToHash("PROFILER-NOC-QUICK-PUSH");
      |     ^~~~~~~~~~~~~~~~
/home/ubuntu/accelerator-projects-20260908/tt-row-reduce-lab/tt-metal/tt_metal/hw/firmware/src/tt-1xx/idle_erisc.cc: In function 'int main()':
/home/ubuntu/accelerator-projects-20260908/tt-row-reduce-lab/tt-metal/tt_metal/tools/profiler/kernel_profiler.hpp:31:22: note: '#pragma message: ERISC-IDLE-FW,/home/ubuntu/accelerator-projects-20260908/tt-row-reduce-lab/tt-metal/tt_metal/hw/firmware/src/tt-1xx/idle_erisc.cc,162,KERNEL_PROFILER'
   31 | #define DO_PRAGMA(x) _Pragma(#x)
      |                      ^~~~~~~
/home/ubuntu/accelerator-projects-20260908/tt-row-reduce-lab/tt-metal/tt_metal/tools/profiler/kernel_profiler.hpp:1040:5: note: in expansion of macro 'DO_PRAGMA'
 1040 |     DO_PRAGMA(message(PROFILER_MSG_NAME(name)));                               \
      |     ^~~~~~~~~
/home/ubuntu/accelerator-projects-20260908/tt-row-reduce-lab/tt-metal/tt_metal/hw/firmware/src/tt-1xx/idle_erisc.cc:162:13: note: in expansion of macro 'DeviceZoneScopedMainN'
  162 |             DeviceZoneScopedMainN("ERISC-IDLE-FW");
      |             ^~~~~~~~~~~~~~~~~~~~~
Building erisc, compile step:
/home/ubuntu/accelerator-projects-20260908/tt-row-reduce-lab/tt-metal/runtime/sfpi/compiler/bin/riscv-tt-elf-g++ -Os -std=c++17 -ftt-nttp -ftt-constinit -ftt-consteval -ftt-no-dyninit -flto=auto -ffast-math -fno-finite-math-only -fsigned-zeros -fno-associative-math -fno-exceptions -fno-rtti -fno-use-cxa-atexit -g -MMD -Wall -Werror -Wno-error=deprecated-declarations -Wno-error=multistatement-macros -Wno-error=parentheses -Wno-error=unused-but-set-variable -Wno-unused-variable -Wno-unused-function --param=min-pagesize=0 -mcpu=tt-wh -fno-delete-null-pointer-checks -I. -I.. -I/home/ubuntu/accelerator-projects-20260908/tt-row-reduce-lab/tt-metal/ -I/home/ubuntu/accelerator-projects-20260908/tt-row-reduce-lab/tt-metal/ttnn -I/home/ubuntu/accelerator-projects-20260908/tt-row-reduce-lab/tt-metal/ttnn/cpp -I/home/ubuntu/accelerator-projects-20260908/tt-row-reduce-lab/tt-metal/tt_metal -I/home/ubuntu/accelerator-projects-20260908/tt-row-reduce-lab/tt-metal/tt_metal/hw/inc -I/home/ubuntu/accelerator-projects-20260908/tt-row-reduce-lab/tt-metal/tt_metal/tt-llk/common -I/home/ubuntu/accelerator-projects-20260908/tt-row-reduce-lab/tt-metal/tt_metal/tt-llk/tools/include -I/home/ubuntu/accelerator-projects-20260908/tt-row-reduce-lab/tt-metal/tt_metal/hostdevcommon/api -I/home/ubuntu/accelerator-projects-20260908/tt-row-reduce-lab/tt-metal/tt_metal/api/ -I/home/ubuntu/accelerator-projects-20260908/tt-row-reduce-lab/tt-metal/tt_metal/hw/ckernels/wormhole_b0/metal/common -I/home/ubuntu/accelerator-projects-20260908/tt-row-reduce-lab/tt-metal/tt_metal/hw/ckernels/wormhole_b0/metal/llk_io -I/home/ubuntu/accelerator-projects-20260908/tt-row-reduce-lab/tt-metal/tt_metal/hw/inc/internal/tt-1xx -I/home/ubuntu/accelerator-projects-20260908/tt-row-reduce-lab/tt-metal/tt_metal/hw/inc/internal/tt-1xx/wormhole -I/home/ubuntu/accelerator-projects-20260908/tt-row-reduce-lab/tt-metal/tt_metal/hw/inc/internal/tt-1xx/wormhole/wormhole_b0_defines -I/home/ubuntu/accelerator-projects-20260908/tt-row-reduce-lab/tt-metal/tt_metal/hw/inc/internal/tt-1xx/wormhole/noc -I/home/ubuntu/accelerator-projects-20260908/tt-row-reduce-lab/tt-metal/tt_metal/tt-llk/tt_llk_wormhole_b0/common/inc -I/home/ubuntu/accelerator-projects-20260908/tt-row-reduce-lab/tt-metal/tt_metal/tt-llk/tt_llk_wormhole_b0/llk_lib -I/home/ubuntu/accelerator-projects-20260908/tt-row-reduce-lab/tt-metal/tt_metal/hw/inc/ethernet -DIS_NOT_POW2_NUM_DRAM_BANKS=1 -DIS_NOT_POW2_NUM_L1_BANKS=1 -DNUM_DRAM_BANKS=12 -DNUM_L1_BANKS=72 -DPCIE_NOC_X=0 -DPCIE_NOC_Y=3 -DTENSIX_FIRMWARE -DLOCAL_MEM_EN=0 -DPROFILE_KERNEL=1 -DPROFILER_FULL_HOST_BUFFER_SIZE_PER_RISC=48000 -DROUTING_FW_ENABLED -DDISABLE_SFPLOADMACRO -DPROCESSOR_INDEX=0 -DCOMPILE_FOR_ERISC -DERISC -DRISC_B0_HW -DCOMPILE_FOR_AERISC=0 -DPROGRAMMABLE_CORE_TYPE=1 -DCOOPERATIVE_ERISC -DARCH_WORMHOLE -DDISPATCH_MESSAGE_ADDR=4290183304 -DFW_BUILD -c -o /home/ubuntu/accelerator-projects-20260908/tt-row-reduce-lab/kernel-cache/tt-metal-cache2300978436588769951/firmware/erisc/erisc.17282824022501373698_1454387.o /home/ubuntu/accelerator-projects-20260908/tt-row-reduce-lab/tt-metal/tt_metal/hw/firmware/src/tt-1xx/erisc.cc -MF /home/ubuntu/accelerator-projects-20260908/tt-row-reduce-lab/kernel-cache/tt-metal-cache2300978436588769951/firmware/erisc/erisc.17282824022501373698_1454387.d
In file included from /home/ubuntu/accelerator-projects-20260908/tt-row-reduce-lab/tt-metal/tt_metal/hw/inc/internal/ethernet/dataflow_api.h:13,
                 from /home/ubuntu/accelerator-projects-20260908/tt-row-reduce-lab/tt-metal/tt_metal/hw/firmware/src/tt-1xx/erisc.cc:5:
/home/ubuntu/accelerator-projects-20260908/tt-row-reduce-lab/tt-metal/tt_metal/tools/profiler/kernel_profiler.hpp: In function 'void kernel_profiler::finish_profiler(bool)':
/home/ubuntu/accelerator-projects-20260908/tt-row-reduce-lab/tt-metal/tt_metal/tools/profiler/kernel_profiler.hpp:31:22: note: '#pragma message: PROFILER-NOC-FLUSH,/home/ubuntu/accelerator-projects-20260908/tt-row-reduce-lab/tt-metal/tt_metal/tools/profiler/kernel_profiler.hpp,480,KERNEL_PROFILER'
   31 | #define DO_PRAGMA(x) _Pragma(#x)
      |                      ^~~~~~~
/home/ubuntu/accelerator-projects-20260908/tt-row-reduce-lab/tt-metal/tt_metal/tools/profiler/kernel_profiler.hpp:41:5: note: in expansion of macro 'DO_PRAGMA'
   41 |     DO_PRAGMA(message(PROFILER_MSG_NAME(name))); \
      |     ^~~~~~~~~
/home/ubuntu/accelerator-projects-20260908/tt-row-reduce-lab/tt-metal/tt_metal/tools/profiler/kernel_profiler.hpp:480:17: note: in expansion of macro 'SrcLocNameToHash'
  480 |                 SrcLocNameToHash("PROFILER-NOC-FLUSH");
      |                 ^~~~~~~~~~~~~~~~
/home/ubuntu/accelerator-projects-20260908/tt-row-reduce-lab/tt-metal/tt_metal/tools/profiler/kernel_profiler.hpp:31:22: note: '#pragma message: PROFILER-DRAM-PUSH,/home/ubuntu/accelerator-projects-20260908/tt-row-reduce-lab/tt-metal/tt_metal/tools/profiler/kernel_profiler.hpp,489,KERNEL_PROFILER'
   31 | #define DO_PRAGMA(x) _Pragma(#x)
      |                      ^~~~~~~
/home/ubuntu/accelerator-projects-20260908/tt-row-reduce-lab/tt-metal/tt_metal/tools/profiler/kernel_profiler.hpp:41:5: note: in expansion of macro 'DO_PRAGMA'
   41 |     DO_PRAGMA(message(PROFILER_MSG_NAME(name))); \
      |     ^~~~~~~~~
/home/ubuntu/accelerator-projects-20260908/tt-row-reduce-lab/tt-metal/tt_metal/tools/profiler/kernel_profiler.hpp:489:17: note: in expansion of macro 'SrcLocNameToHash'
  489 |                 SrcLocNameToHash("PROFILER-DRAM-PUSH");
      |                 ^~~~~~~~~~~~~~~~
/home/ubuntu/accelerator-projects-20260908/tt-row-reduce-lab/tt-metal/tt_metal/tools/profiler/kernel_profiler.hpp: In function 'void kernel_profiler::quick_push()':
/home/ubuntu/accelerator-projects-20260908/tt-row-reduce-lab/tt-metal/tt_metal/tools/profiler/kernel_profiler.hpp:31:22: note: '#pragma message: PROFILER-NOC-QUICK-PUSH,/home/ubuntu/accelerator-projects-20260908/tt-row-reduce-lab/tt-metal/tt_metal/tools/profiler/kernel_profiler.hpp,632,KERNEL_PROFILER'
   31 | #define DO_PRAGMA(x) _Pragma(#x)
      |                      ^~~~~~~
/home/ubuntu/accelerator-projects-20260908/tt-row-reduce-lab/tt-metal/tt_metal/tools/profiler/kernel_profiler.hpp:41:5: note: in expansion of macro 'DO_PRAGMA'
   41 |     DO_PRAGMA(message(PROFILER_MSG_NAME(name))); \
      |     ^~~~~~~~~
/home/ubuntu/accelerator-projects-20260908/tt-row-reduce-lab/tt-metal/tt_metal/tools/profiler/kernel_profiler.hpp:632:5: note: in expansion of macro 'SrcLocNameToHash'
  632 |     SrcLocNameToHash("PROFILER-NOC-QUICK-PUSH");
      |     ^~~~~~~~~~~~~~~~
/home/ubuntu/accelerator-projects-20260908/tt-row-reduce-lab/tt-metal/tt_metal/hw/firmware/src/tt-1xx/erisc.cc: In function 'void Application()':
/home/ubuntu/accelerator-projects-20260908/tt-row-reduce-lab/tt-metal/tt_metal/tools/profiler/kernel_profiler.hpp:31:22: note: '#pragma message: ERISC-FW,/home/ubuntu/accelerator-projects-20260908/tt-row-reduce-lab/tt-metal/tt_metal/hw/firmware/src/tt-1xx/erisc.cc,126,KERNEL_PROFILER'
   31 | #define DO_PRAGMA(x) _Pragma(#x)
      |                      ^~~~~~~
/home/ubuntu/accelerator-projects-20260908/tt-row-reduce-lab/tt-metal/tt_metal/tools/profiler/kernel_profiler.hpp:1040:5: note: in expansion of macro 'DO_PRAGMA'
 1040 |     DO_PRAGMA(message(PROFILER_MSG_NAME(name)));                               \
      |     ^~~~~~~~~
/home/ubuntu/accelerator-projects-20260908/tt-row-reduce-lab/tt-metal/tt_metal/hw/firmware/src/tt-1xx/erisc.cc:126:13: note: in expansion of macro 'DeviceZoneScopedMainN'
  126 |             DeviceZoneScopedMainN("ERISC-FW");
      |             ^~~~~~~~~~~~~~~~~~~~~
Building ncrisc, compile step:
/home/ubuntu/accelerator-projects-20260908/tt-row-reduce-lab/tt-metal/runtime/sfpi/compiler/bin/riscv-tt-elf-g++ -O2 -std=c++17 -ftt-nttp -ftt-constinit -ftt-consteval -ftt-no-dyninit -flto=auto -ffast-math -fno-finite-math-only -fsigned-zeros -fno-associative-math -fno-exceptions -fno-rtti -fno-use-cxa-atexit -g -MMD -Wall -Werror -Wno-error=deprecated-declarations -Wno-error=multistatement-macros -Wno-error=parentheses -Wno-error=unused-but-set-variable -Wno-unused-variable -Wno-unused-function --param=min-pagesize=0 -mcpu=tt-wh -fno-tree-loop-distribute-patterns -I. -I.. -I/home/ubuntu/accelerator-projects-20260908/tt-row-reduce-lab/tt-metal/ -I/home/ubuntu/accelerator-projects-20260908/tt-row-reduce-lab/tt-metal/ttnn -I/home/ubuntu/accelerator-projects-20260908/tt-row-reduce-lab/tt-metal/ttnn/cpp -I/home/ubuntu/accelerator-projects-20260908/tt-row-reduce-lab/tt-metal/tt_metal -I/home/ubuntu/accelerator-projects-20260908/tt-row-reduce-lab/tt-metal/tt_metal/hw/inc -I/home/ubuntu/accelerator-projects-20260908/tt-row-reduce-lab/tt-metal/tt_metal/tt-llk/common -I/home/ubuntu/accelerator-projects-20260908/tt-row-reduce-lab/tt-metal/tt_metal/tt-llk/tools/include -I/home/ubuntu/accelerator-projects-20260908/tt-row-reduce-lab/tt-metal/tt_metal/hostdevcommon/api -I/home/ubuntu/accelerator-projects-20260908/tt-row-reduce-lab/tt-metal/tt_metal/api/ -I/home/ubuntu/accelerator-projects-20260908/tt-row-reduce-lab/tt-metal/tt_metal/hw/ckernels/wormhole_b0/metal/common -I/home/ubuntu/accelerator-projects-20260908/tt-row-reduce-lab/tt-metal/tt_metal/hw/ckernels/wormhole_b0/metal/llk_io -I/home/ubuntu/accelerator-projects-20260908/tt-row-reduce-lab/tt-metal/tt_metal/hw/inc/internal/tt-1xx -I/home/ubuntu/accelerator-projects-20260908/tt-row-reduce-lab/tt-metal/tt_metal/hw/inc/internal/tt-1xx/wormhole -I/home/ubuntu/accelerator-projects-20260908/tt-row-reduce-lab/tt-metal/tt_metal/hw/inc/internal/tt-1xx/wormhole/wormhole_b0_defines -I/home/ubuntu/accelerator-projects-20260908/tt-row-reduce-lab/tt-metal/tt_metal/hw/inc/internal/tt-1xx/wormhole/noc -I/home/ubuntu/accelerator-projects-20260908/tt-row-reduce-lab/tt-metal/tt_metal/tt-llk/tt_llk_wormhole_b0/common/inc -I/home/ubuntu/accelerator-projects-20260908/tt-row-reduce-lab/tt-metal/tt_metal/tt-llk/tt_llk_wormhole_b0/llk_lib -I/home/ubuntu/accelerator-projects-20260908/tt-row-reduce-lab/tt-metal/tt_metal/hw/firmware/src/tt-1xx -I/home/ubuntu/accelerator-projects-20260908/tt-row-reduce-lab/project/kernels -DIS_NOT_POW2_NUM_DRAM_BANKS=1 -DIS_NOT_POW2_NUM_L1_BANKS=1 -DNUM_DRAM_BANKS=12 -DNUM_L1_BANKS=72 -DPCIE_NOC_X=0 -DPCIE_NOC_Y=3 -DTENSIX_FIRMWARE -DLOCAL_MEM_EN=0 -DPROFILE_KERNEL=1 -DPROFILER_FULL_HOST_BUFFER_SIZE_PER_RISC=48000 -DROUTING_FW_ENABLED -DDISABLE_SFPLOADMACRO -DPROCESSOR_INDEX=1 -DCOMPILE_FOR_NCRISC -DPROGRAMMABLE_CORE_TYPE=0 -DARCH_WORMHOLE -DDISPATCH_MESSAGE_ADDR=4290183304 -DKERNEL_BUILD -DNOC_INDEX=1 -DNOC_MODE=0 -DFULL_KERNEL_NAME="reader/17077538594385497048/" -DKERNEL_COMPILE_TIME_ARGS=2,2048 -c -o /home/ubuntu/accelerator-projects-20260908/tt-row-reduce-lab/kernel-cache/tt-metal-cache2300978436588769951/kernels/reader/17077538594385497048/ncrisc/ncrisck.17282824022501373698_1454387.o /home/ubuntu/accelerator-projects-20260908/tt-row-reduce-lab/tt-metal/tt_metal/hw/firmware/src/tt-1xx/ncrisck.cc -MF /home/ubuntu/accelerator-projects-20260908/tt-row-reduce-lab/kernel-cache/tt-metal-cache2300978436588769951/kernels/reader/17077538594385497048/ncrisc/ncrisck.17282824022501373698_1454387.d
In file included from /home/ubuntu/accelerator-projects-20260908/tt-row-reduce-lab/tt-metal/tt_metal/hw/inc/api/dataflow/dataflow_api.h:27,
                 from /home/ubuntu/accelerator-projects-20260908/tt-row-reduce-lab/tt-metal/tt_metal/hw/inc/internal/firmware_common.h:24,
                 from /home/ubuntu/accelerator-projects-20260908/tt-row-reduce-lab/tt-metal/tt_metal/hw/firmware/src/tt-1xx/ncrisck.cc:17:
/home/ubuntu/accelerator-projects-20260908/tt-row-reduce-lab/tt-metal/tt_metal/tools/profiler/kernel_profiler.hpp: In function 'void kernel_profiler::quick_push()':
/home/ubuntu/accelerator-projects-20260908/tt-row-reduce-lab/tt-metal/tt_metal/tools/profiler/kernel_profiler.hpp:31:22: note: '#pragma message: PROFILER-NOC-QUICK-PUSH,/home/ubuntu/accelerator-projects-20260908/tt-row-reduce-lab/tt-metal/tt_metal/tools/profiler/kernel_profiler.hpp,632,KERNEL_PROFILER'
   31 | #define DO_PRAGMA(x) _Pragma(#x)
      |                      ^~~~~~~
/home/ubuntu/accelerator-projects-20260908/tt-row-reduce-lab/tt-metal/tt_metal/tools/profiler/kernel_profiler.hpp:41:5: note: in expansion of macro 'DO_PRAGMA'
   41 |     DO_PRAGMA(message(PROFILER_MSG_NAME(name))); \
      |     ^~~~~~~~~
/home/ubuntu/accelerator-projects-20260908/tt-row-reduce-lab/tt-metal/tt_metal/tools/profiler/kernel_profiler.hpp:632:5: note: in expansion of macro 'SrcLocNameToHash'
  632 |     SrcLocNameToHash("PROFILER-NOC-QUICK-PUSH");
      |     ^~~~~~~~~~~~~~~~
/home/ubuntu/accelerator-projects-20260908/tt-row-reduce-lab/project/kernels/reader.cpp: In function 'void kernel_main()':
/home/ubuntu/accelerator-projects-20260908/tt-row-reduce-lab/tt-metal/tt_metal/tools/profiler/kernel_profiler.hpp:31:22: note: '#pragma message: row_reduce_reader,/home/ubuntu/accelerator-projects-20260908/tt-row-reduce-lab/project/kernels/reader.cpp,14,KERNEL_PROFILER'
   31 | #define DO_PRAGMA(x) _Pragma(#x)
      |                      ^~~~~~~
/home/ubuntu/accelerator-projects-20260908/tt-row-reduce-lab/tt-metal/tt_metal/tools/profiler/kernel_profiler.hpp:986:5: note: in expansion of macro 'DO_PRAGMA'
  986 |     DO_PRAGMA(message(PROFILER_MSG_NAME(name)));                               \
      |     ^~~~~~~~~
/home/ubuntu/accelerator-projects-20260908/tt-row-reduce-lab/project/kernels/reader.cpp:14:5: note: in expansion of macro 'DeviceZoneScopedN'
   14 |     DeviceZoneScopedN("row_reduce_reader");
      |     ^~~~~~~~~~~~~~~~~
/home/ubuntu/accelerator-projects-20260908/tt-row-reduce-lab/tt-metal/tt_metal/hw/firmware/src/tt-1xx/ncrisck.cc: In function 'uint32_t kernel_launch(uint32_t)':
/home/ubuntu/accelerator-projects-20260908/tt-row-reduce-lab/tt-metal/tt_metal/tools/profiler/kernel_profiler.hpp:31:22: note: '#pragma message: NCRISC-KERNEL,/home/ubuntu/accelerator-projects-20260908/tt-row-reduce-lab/tt-metal/tt_metal/hw/firmware/src/tt-1xx/ncrisck.cc,70,KERNEL_PROFILER'
   31 | #define DO_PRAGMA(x) _Pragma(#x)
      |                      ^~~~~~~
/home/ubuntu/accelerator-projects-20260908/tt-row-reduce-lab/tt-metal/tt_metal/tools/profiler/kernel_profiler.hpp:1045:5: note: in expansion of macro 'DO_PRAGMA'
 1045 |     DO_PRAGMA(message(PROFILER_MSG_NAME(name)));                               \
      |     ^~~~~~~~~
/home/ubuntu/accelerator-projects-20260908/tt-row-reduce-lab/tt-metal/tt_metal/hw/firmware/src/tt-1xx/ncrisck.cc:70:5: note: in expansion of macro 'DeviceZoneScopedMainChildN'
   70 |     DeviceZoneScopedMainChildN("NCRISC-KERNEL");
      |     ^~~~~~~~~~~~~~~~~~~~~~~~~~
Building brisc, compile step:
/home/ubuntu/accelerator-projects-20260908/tt-row-reduce-lab/tt-metal/runtime/sfpi/compiler/bin/riscv-tt-elf-g++ -O2 -std=c++17 -ftt-nttp -ftt-constinit -ftt-consteval -ftt-no-dyninit -flto=auto -ffast-math -fno-finite-math-only -fsigned-zeros -fno-associative-math -fno-exceptions -fno-rtti -fno-use-cxa-atexit -g -MMD -Wall -Werror -Wno-error=deprecated-declarations -Wno-error=multistatement-macros -Wno-error=parentheses -Wno-error=unused-but-set-variable -Wno-unused-variable -Wno-unused-function --param=min-pagesize=0 -mcpu=tt-wh -fno-tree-loop-distribute-patterns -I. -I.. -I/home/ubuntu/accelerator-projects-20260908/tt-row-reduce-lab/tt-metal/ -I/home/ubuntu/accelerator-projects-20260908/tt-row-reduce-lab/tt-metal/ttnn -I/home/ubuntu/accelerator-projects-20260908/tt-row-reduce-lab/tt-metal/ttnn/cpp -I/home/ubuntu/accelerator-projects-20260908/tt-row-reduce-lab/tt-metal/tt_metal -I/home/ubuntu/accelerator-projects-20260908/tt-row-reduce-lab/tt-metal/tt_metal/hw/inc -I/home/ubuntu/accelerator-projects-20260908/tt-row-reduce-lab/tt-metal/tt_metal/tt-llk/common -I/home/ubuntu/accelerator-projects-20260908/tt-row-reduce-lab/tt-metal/tt_metal/tt-llk/tools/include -I/home/ubuntu/accelerator-projects-20260908/tt-row-reduce-lab/tt-metal/tt_metal/hostdevcommon/api -I/home/ubuntu/accelerator-projects-20260908/tt-row-reduce-lab/tt-metal/tt_metal/api/ -I/home/ubuntu/accelerator-projects-20260908/tt-row-reduce-lab/tt-metal/tt_metal/hw/ckernels/wormhole_b0/metal/common -I/home/ubuntu/accelerator-projects-20260908/tt-row-reduce-lab/tt-metal/tt_metal/hw/ckernels/wormhole_b0/metal/llk_io -I/home/ubuntu/accelerator-projects-20260908/tt-row-reduce-lab/tt-metal/tt_metal/hw/inc/internal/tt-1xx -I/home/ubuntu/accelerator-projects-20260908/tt-row-reduce-lab/tt-metal/tt_metal/hw/inc/internal/tt-1xx/wormhole -I/home/ubuntu/accelerator-projects-20260908/tt-row-reduce-lab/tt-metal/tt_metal/hw/inc/internal/tt-1xx/wormhole/wormhole_b0_defines -I/home/ubuntu/accelerator-projects-20260908/tt-row-reduce-lab/tt-metal/tt_metal/hw/inc/internal/tt-1xx/wormhole/noc -I/home/ubuntu/accelerator-projects-20260908/tt-row-reduce-lab/tt-metal/tt_metal/tt-llk/tt_llk_wormhole_b0/common/inc -I/home/ubuntu/accelerator-projects-20260908/tt-row-reduce-lab/tt-metal/tt_metal/tt-llk/tt_llk_wormhole_b0/llk_lib -I/home/ubuntu/accelerator-projects-20260908/tt-row-reduce-lab/tt-metal/tt_metal/hw/firmware/src/tt-1xx -I/home/ubuntu/accelerator-projects-20260908/tt-row-reduce-lab/project/kernels -DIS_NOT_POW2_NUM_DRAM_BANKS=1 -DIS_NOT_POW2_NUM_L1_BANKS=1 -DNUM_DRAM_BANKS=12 -DNUM_L1_BANKS=72 -DPCIE_NOC_X=0 -DPCIE_NOC_Y=3 -DTENSIX_FIRMWARE -DLOCAL_MEM_EN=0 -DPROFILE_KERNEL=1 -DPROFILER_FULL_HOST_BUFFER_SIZE_PER_RISC=48000 -DROUTING_FW_ENABLED -DDISABLE_SFPLOADMACRO -DPROCESSOR_INDEX=0 -DCOMPILE_FOR_BRISC -DPROGRAMMABLE_CORE_TYPE=0 -DARCH_WORMHOLE -DDISPATCH_MESSAGE_ADDR=4290183304 -DKERNEL_BUILD -DNOC_INDEX=0 -DNOC_MODE=0 -DFULL_KERNEL_NAME="writer/8339147780521040562/" -DKERNEL_COMPILE_TIME_ARGS=2,2048 -c -o /home/ubuntu/accelerator-projects-20260908/tt-row-reduce-lab/kernel-cache/tt-metal-cache2300978436588769951/kernels/writer/8339147780521040562/brisc/brisck.17282824022501373698_1454387.o /home/ubuntu/accelerator-projects-20260908/tt-row-reduce-lab/tt-metal/tt_metal/hw/firmware/src/tt-1xx/brisck.cc -MF /home/ubuntu/accelerator-projects-20260908/tt-row-reduce-lab/kernel-cache/tt-metal-cache2300978436588769951/kernels/writer/8339147780521040562/brisc/brisck.17282824022501373698_1454387.d
In file included from /home/ubuntu/accelerator-projects-20260908/tt-row-reduce-lab/tt-metal/tt_metal/hw/inc/api/dataflow/dataflow_api.h:27,
                 from /home/ubuntu/accelerator-projects-20260908/tt-row-reduce-lab/tt-metal/tt_metal/hw/inc/internal/firmware_common.h:24,
                 from /home/ubuntu/accelerator-projects-20260908/tt-row-reduce-lab/tt-metal/tt_metal/hw/firmware/src/tt-1xx/brisck.cc:17:
/home/ubuntu/accelerator-projects-20260908/tt-row-reduce-lab/tt-metal/tt_metal/tools/profiler/kernel_profiler.hpp: In function 'void kernel_profiler::finish_profiler(bool)':
/home/ubuntu/accelerator-projects-20260908/tt-row-reduce-lab/tt-metal/tt_metal/tools/profiler/kernel_profiler.hpp:31:22: note: '#pragma message: PROFILER-NOC-FLUSH,/home/ubuntu/accelerator-projects-20260908/tt-row-reduce-lab/tt-metal/tt_metal/tools/profiler/kernel_profiler.hpp,480,KERNEL_PROFILER'
   31 | #define DO_PRAGMA(x) _Pragma(#x)
      |                      ^~~~~~~
/home/ubuntu/accelerator-projects-20260908/tt-row-reduce-lab/tt-metal/tt_metal/tools/profiler/kernel_profiler.hpp:41:5: note: in expansion of macro 'DO_PRAGMA'
   41 |     DO_PRAGMA(message(PROFILER_MSG_NAME(name))); \
      |     ^~~~~~~~~
/home/ubuntu/accelerator-projects-20260908/tt-row-reduce-lab/tt-metal/tt_metal/tools/profiler/kernel_profiler.hpp:480:17: note: in expansion of macro 'SrcLocNameToHash'
  480 |                 SrcLocNameToHash("PROFILER-NOC-FLUSH");
      |                 ^~~~~~~~~~~~~~~~
/home/ubuntu/accelerator-projects-20260908/tt-row-reduce-lab/tt-metal/tt_metal/tools/profiler/kernel_profiler.hpp:31:22: note: '#pragma message: PROFILER-DRAM-PUSH,/home/ubuntu/accelerator-projects-20260908/tt-row-reduce-lab/tt-metal/tt_metal/tools/profiler/kernel_profiler.hpp,489,KERNEL_PROFILER'
   31 | #define DO_PRAGMA(x) _Pragma(#x)
      |                      ^~~~~~~
/home/ubuntu/accelerator-projects-20260908/tt-row-reduce-lab/tt-metal/tt_metal/tools/profiler/kernel_profiler.hpp:41:5: note: in expansion of macro 'DO_PRAGMA'
   41 |     DO_PRAGMA(message(PROFILER_MSG_NAME(name))); \
      |     ^~~~~~~~~
/home/ubuntu/accelerator-projects-20260908/tt-row-reduce-lab/tt-metal/tt_metal/tools/profiler/kernel_profiler.hpp:489:17: note: in expansion of macro 'SrcLocNameToHash'
  489 |                 SrcLocNameToHash("PROFILER-DRAM-PUSH");
      |                 ^~~~~~~~~~~~~~~~
/home/ubuntu/accelerator-projects-20260908/tt-row-reduce-lab/tt-metal/tt_metal/tools/profiler/kernel_profiler.hpp: In function 'void kernel_profiler::quick_push()':
/home/ubuntu/accelerator-projects-20260908/tt-row-reduce-lab/tt-metal/tt_metal/tools/profiler/kernel_profiler.hpp:31:22: note: '#pragma message: PROFILER-NOC-QUICK-PUSH,/home/ubuntu/accelerator-projects-20260908/tt-row-reduce-lab/tt-metal/tt_metal/tools/profiler/kernel_profiler.hpp,632,KERNEL_PROFILER'
   31 | #define DO_PRAGMA(x) _Pragma(#x)
      |                      ^~~~~~~
/home/ubuntu/accelerator-projects-20260908/tt-row-reduce-lab/tt-metal/tt_metal/tools/profiler/kernel_profiler.hpp:41:5: note: in expansion of macro 'DO_PRAGMA'
   41 |     DO_PRAGMA(message(PROFILER_MSG_NAME(name))); \
      |     ^~~~~~~~~
/home/ubuntu/accelerator-projects-20260908/tt-row-reduce-lab/tt-metal/tt_metal/tools/profiler/kernel_profiler.hpp:632:5: note: in expansion of macro 'SrcLocNameToHash'
  632 |     SrcLocNameToHash("PROFILER-NOC-QUICK-PUSH");
      |     ^~~~~~~~~~~~~~~~
/home/ubuntu/accelerator-projects-20260908/tt-row-reduce-lab/project/kernels/writer.cpp: In function 'void kernel_main()':
/home/ubuntu/accelerator-projects-20260908/tt-row-reduce-lab/tt-metal/tt_metal/tools/profiler/kernel_profiler.hpp:31:22: note: '#pragma message: row_reduce_writer,/home/ubuntu/accelerator-projects-20260908/tt-row-reduce-lab/project/kernels/writer.cpp,15,KERNEL_PROFILER'
   31 | #define DO_PRAGMA(x) _Pragma(#x)
      |                      ^~~~~~~
/home/ubuntu/accelerator-projects-20260908/tt-row-reduce-lab/tt-metal/tt_metal/tools/profiler/kernel_profiler.hpp:986:5: note: in expansion of macro 'DO_PRAGMA'
  986 |     DO_PRAGMA(message(PROFILER_MSG_NAME(name)));                               \
      |     ^~~~~~~~~
/home/ubuntu/accelerator-projects-20260908/tt-row-reduce-lab/project/kernels/writer.cpp:15:5: note: in expansion of macro 'DeviceZoneScopedN'
   15 |     DeviceZoneScopedN("row_reduce_writer");
      |     ^~~~~~~~~~~~~~~~~
/home/ubuntu/accelerator-projects-20260908/tt-row-reduce-lab/tt-metal/tt_metal/hw/firmware/src/tt-1xx/brisck.cc: In function 'uint32_t _start()':
/home/ubuntu/accelerator-projects-20260908/tt-row-reduce-lab/tt-metal/tt_metal/tools/profiler/kernel_profiler.hpp:31:22: note: '#pragma message: BRISC-KERNEL,/home/ubuntu/accelerator-projects-20260908/tt-row-reduce-lab/tt-metal/tt_metal/hw/firmware/src/tt-1xx/brisck.cc,78,KERNEL_PROFILER'
   31 | #define DO_PRAGMA(x) _Pragma(#x)
      |                      ^~~~~~~
/home/ubuntu/accelerator-projects-20260908/tt-row-reduce-lab/tt-metal/tt_metal/tools/profiler/kernel_profiler.hpp:1045:5: note: in expansion of macro 'DO_PRAGMA'
 1045 |     DO_PRAGMA(message(PROFILER_MSG_NAME(name)));                               \
      |     ^~~~~~~~~
/home/ubuntu/accelerator-projects-20260908/tt-row-reduce-lab/tt-metal/tt_metal/hw/firmware/src/tt-1xx/brisck.cc:78:9: note: in expansion of macro 'DeviceZoneScopedMainChildN'
   78 |         DeviceZoneScopedMainChildN("BRISC-KERNEL");
      |         ^~~~~~~~~~~~~~~~~~~~~~~~~~
Building trisc0, compile step:
/home/ubuntu/accelerator-projects-20260908/tt-row-reduce-lab/tt-metal/runtime/sfpi/compiler/bin/riscv-tt-elf-g++ -O2 -std=c++17 -ftt-nttp -ftt-constinit -ftt-consteval -ftt-no-dyninit -flto=auto -ffast-math -fno-finite-math-only -fsigned-zeros -fno-associative-math -fno-exceptions -fno-rtti -fno-use-cxa-atexit -g -MMD -Wall -Werror -Wno-error=deprecated-declarations -Wno-error=multistatement-macros -Wno-error=parentheses -Wno-error=unused-but-set-variable -Wno-unused-variable -Wno-unused-function --param=min-pagesize=0 -mcpu=tt-wh-tensix -I. -I.. -I/home/ubuntu/accelerator-projects-20260908/tt-row-reduce-lab/tt-metal/ -I/home/ubuntu/accelerator-projects-20260908/tt-row-reduce-lab/tt-metal/ttnn -I/home/ubuntu/accelerator-projects-20260908/tt-row-reduce-lab/tt-metal/ttnn/cpp -I/home/ubuntu/accelerator-projects-20260908/tt-row-reduce-lab/tt-metal/tt_metal -I/home/ubuntu/accelerator-projects-20260908/tt-row-reduce-lab/tt-metal/tt_metal/hw/inc -I/home/ubuntu/accelerator-projects-20260908/tt-row-reduce-lab/tt-metal/tt_metal/tt-llk/common -I/home/ubuntu/accelerator-projects-20260908/tt-row-reduce-lab/tt-metal/tt_metal/tt-llk/tools/include -I/home/ubuntu/accelerator-projects-20260908/tt-row-reduce-lab/tt-metal/tt_metal/hostdevcommon/api -I/home/ubuntu/accelerator-projects-20260908/tt-row-reduce-lab/tt-metal/tt_metal/api/ -I/home/ubuntu/accelerator-projects-20260908/tt-row-reduce-lab/tt-metal/runtime/sfpi/include -I/home/ubuntu/accelerator-projects-20260908/tt-row-reduce-lab/tt-metal/tt_metal/hw/ckernels/wormhole_b0/metal/common -I/home/ubuntu/accelerator-projects-20260908/tt-row-reduce-lab/tt-metal/tt_metal/hw/ckernels/wormhole_b0/metal/llk_io -I/home/ubuntu/accelerator-projects-20260908/tt-row-reduce-lab/tt-metal/tt_metal/hw/inc/internal/tt-1xx -I/home/ubuntu/accelerator-projects-20260908/tt-row-reduce-lab/tt-metal/tt_metal/hw/inc/internal/tt-1xx/wormhole -I/home/ubuntu/accelerator-projects-20260908/tt-row-reduce-lab/tt-metal/tt_metal/hw/inc/internal/tt-1xx/wormhole/wormhole_b0_defines -I/home/ubuntu/accelerator-projects-20260908/tt-row-reduce-lab/tt-metal/tt_metal/hw/inc/internal/tt-1xx/wormhole/noc -I/home/ubuntu/accelerator-projects-20260908/tt-row-reduce-lab/tt-metal/tt_metal/tt-llk/tt_llk_wormhole_b0/common/inc -I/home/ubuntu/accelerator-projects-20260908/tt-row-reduce-lab/tt-metal/tt_metal/tt-llk/tt_llk_wormhole_b0/llk_lib -I/home/ubuntu/accelerator-projects-20260908/tt-row-reduce-lab/tt-metal/tt_metal/hw/ckernels/wormhole_b0/metal/llk_api -I/home/ubuntu/accelerator-projects-20260908/tt-row-reduce-lab/tt-metal/tt_metal/hw/ckernels/wormhole_b0/metal/llk_api/llk_sfpu -I/home/ubuntu/accelerator-projects-20260908/tt-row-reduce-lab/tt-metal/tt_metal/hw/firmware/src/tt-1xx -I/home/ubuntu/accelerator-projects-20260908/tt-row-reduce-lab/project/kernels -DIS_NOT_POW2_NUM_DRAM_BANKS=1 -DIS_NOT_POW2_NUM_L1_BANKS=1 -DNUM_DRAM_BANKS=12 -DNUM_L1_BANKS=72 -DPCIE_NOC_X=0 -DPCIE_NOC_Y=3 -DTENSIX_FIRMWARE -DLOCAL_MEM_EN=0 -DPROFILE_KERNEL=1 -DPROFILER_FULL_HOST_BUFFER_SIZE_PER_RISC=48000 -DROUTING_FW_ENABLED -DDISABLE_SFPLOADMACRO -DPROCESSOR_INDEX=2 -DUCK_CHLKC_UNPACK -DCOMPILE_FOR_TRISC=0 -DPROGRAMMABLE_CORE_TYPE=0 -DARCH_WORMHOLE -DDISPATCH_MESSAGE_ADDR=4290183304 -DKERNEL_BUILD -DFULL_KERNEL_NAME="compute/8947209916683579367/" -include named_ct_arg_map_generated.h -c -o /home/ubuntu/accelerator-projects-20260908/tt-row-reduce-lab/kernel-cache/tt-metal-cache2300978436588769951/kernels/compute/8947209916683579367/trisc0/trisck.17282824022501373698_1454387.o /home/ubuntu/accelerator-projects-20260908/tt-row-reduce-lab/tt-metal/tt_metal/hw/firmware/src/tt-1xx/trisck.cc -MF /home/ubuntu/accelerator-projects-20260908/tt-row-reduce-lab/kernel-cache/tt-metal-cache2300978436588769951/kernels/compute/8947209916683579367/trisc0/trisck.17282824022501373698_1454387.d
In file included from /home/ubuntu/accelerator-projects-20260908/tt-row-reduce-lab/tt-metal/tt_metal/hw/ckernels/wormhole_b0/metal/llk_io/llk_io_unpack.h:13,
                 from /home/ubuntu/accelerator-projects-20260908/tt-row-reduce-lab/tt-metal/tt_metal/hw/inc/internal/tt-1xx/dataflow_buffer.inl:18,
                 from /home/ubuntu/accelerator-projects-20260908/tt-row-reduce-lab/tt-metal/tt_metal/hw/inc/api/dataflow/dataflow_buffer.h:485,
                 from ../kernel_bindings_generated.h:6,
                 from ../chlkc_unpack.cpp:2,
                 from /home/ubuntu/accelerator-projects-20260908/tt-row-reduce-lab/tt-metal/tt_metal/hw/ckernels/wormhole_b0/metal/common/chlkc_list.h:26,
                 from /home/ubuntu/accelerator-projects-20260908/tt-row-reduce-lab/tt-metal/tt_metal/hw/firmware/src/tt-1xx/trisck.cc:13:
/home/ubuntu/accelerator-projects-20260908/tt-row-reduce-lab/tt-metal/tt_metal/hw/ckernels/wormhole_b0/metal/llk_io/llk_io_unpack.h: In function 'void llk_wait_tiles(int, int32_t)':
/home/ubuntu/accelerator-projects-20260908/tt-row-reduce-lab/tt-metal/tt_metal/tools/profiler/kernel_profiler.hpp:31:22: note: '#pragma message: CB-COMPUTE-WAIT-FRONT,/home/ubuntu/accelerator-projects-20260908/tt-row-reduce-lab/tt-metal/tt_metal/hw/ckernels/wormhole_b0/metal/llk_io/llk_io_unpack.h,68,KERNEL_PROFILER'
   31 | #define DO_PRAGMA(x) _Pragma(#x)
      |                      ^~~~~~~
/home/ubuntu/accelerator-projects-20260908/tt-row-reduce-lab/tt-metal/tt_metal/tools/profiler/kernel_profiler.hpp:1050:5: note: in expansion of macro 'DO_PRAGMA'
 1050 |     DO_PRAGMA(message(PROFILER_MSG_NAME(name)));                               \
      |     ^~~~~~~~~
/home/ubuntu/accelerator-projects-20260908/tt-row-reduce-lab/tt-metal/tt_metal/hw/ckernels/wormhole_b0/metal/llk_io/llk_io_unpack.h:68:5: note: in expansion of macro 'DeviceZoneScopedSumN1'
   68 |     DeviceZoneScopedSumN1("CB-COMPUTE-WAIT-FRONT");
      |     ^~~~~~~~~~~~~~~~~~~~~
/home/ubuntu/accelerator-projects-20260908/tt-row-reduce-lab/project/kernels/compute.cpp: In function 'void kernel_main()':
/home/ubuntu/accelerator-projects-20260908/tt-row-reduce-lab/tt-metal/tt_metal/tools/profiler/kernel_profiler.hpp:31:22: note: '#pragma message: row_reduce_compute,/home/ubuntu/accelerator-projects-20260908/tt-row-reduce-lab/project/kernels/compute.cpp,13,KERNEL_PROFILER'
   31 | #define DO_PRAGMA(x) _Pragma(#x)
      |                      ^~~~~~~
/home/ubuntu/accelerator-projects-20260908/tt-row-reduce-lab/tt-metal/tt_metal/tools/profiler/kernel_profiler.hpp:986:5: note: in expansion of macro 'DO_PRAGMA'
  986 |     DO_PRAGMA(message(PROFILER_MSG_NAME(name)));                               \
      |     ^~~~~~~~~
/home/ubuntu/accelerator-projects-20260908/tt-row-reduce-lab/project/kernels/compute.cpp:13:5: note: in expansion of macro 'DeviceZoneScopedN'
   13 |     DeviceZoneScopedN("row_reduce_compute");
      |     ^~~~~~~~~~~~~~~~~
/home/ubuntu/accelerator-projects-20260908/tt-row-reduce-lab/tt-metal/tt_metal/hw/firmware/src/tt-1xx/trisck.cc: In function 'uint32_t _start()':
/home/ubuntu/accelerator-projects-20260908/tt-row-reduce-lab/tt-metal/tt_metal/tools/profiler/kernel_profiler.hpp:31:22: note: '#pragma message: TRISC-KERNEL,/home/ubuntu/accelerator-projects-20260908/tt-row-reduce-lab/tt-metal/tt_metal/hw/firmware/src/tt-1xx/trisck.cc,88,KERNEL_PROFILER'
   31 | #define DO_PRAGMA(x) _Pragma(#x)
      |                      ^~~~~~~
/home/ubuntu/accelerator-projects-20260908/tt-row-reduce-lab/tt-metal/tt_metal/tools/profiler/kernel_profiler.hpp:1045:5: note: in expansion of macro 'DO_PRAGMA'
 1045 |     DO_PRAGMA(message(PROFILER_MSG_NAME(name)));                               \
      |     ^~~~~~~~~
/home/ubuntu/accelerator-projects-20260908/tt-row-reduce-lab/tt-metal/tt_metal/hw/firmware/src/tt-1xx/trisck.cc:88:5: note: in expansion of macro 'DeviceZoneScopedMainChildN'
   88 |     DeviceZoneScopedMainChildN("TRISC-KERNEL");
      |     ^~~~~~~~~~~~~~~~~~~~~~~~~~
Building trisc2, compile step:
/home/ubuntu/accelerator-projects-20260908/tt-row-reduce-lab/tt-metal/runtime/sfpi/compiler/bin/riscv-tt-elf-g++ -O2 -std=c++17 -ftt-nttp -ftt-constinit -ftt-consteval -ftt-no-dyninit -flto=auto -ffast-math -fno-finite-math-only -fsigned-zeros -fno-associative-math -fno-exceptions -fno-rtti -fno-use-cxa-atexit -g -MMD -Wall -Werror -Wno-error=deprecated-declarations -Wno-error=multistatement-macros -Wno-error=parentheses -Wno-error=unused-but-set-variable -Wno-unused-variable -Wno-unused-function --param=min-pagesize=0 -mcpu=tt-wh-tensix -I. -I.. -I/home/ubuntu/accelerator-projects-20260908/tt-row-reduce-lab/tt-metal/ -I/home/ubuntu/accelerator-projects-20260908/tt-row-reduce-lab/tt-metal/ttnn -I/home/ubuntu/accelerator-projects-20260908/tt-row-reduce-lab/tt-metal/ttnn/cpp -I/home/ubuntu/accelerator-projects-20260908/tt-row-reduce-lab/tt-metal/tt_metal -I/home/ubuntu/accelerator-projects-20260908/tt-row-reduce-lab/tt-metal/tt_metal/hw/inc -I/home/ubuntu/accelerator-projects-20260908/tt-row-reduce-lab/tt-metal/tt_metal/tt-llk/common -I/home/ubuntu/accelerator-projects-20260908/tt-row-reduce-lab/tt-metal/tt_metal/tt-llk/tools/include -I/home/ubuntu/accelerator-projects-20260908/tt-row-reduce-lab/tt-metal/tt_metal/hostdevcommon/api -I/home/ubuntu/accelerator-projects-20260908/tt-row-reduce-lab/tt-metal/tt_metal/api/ -I/home/ubuntu/accelerator-projects-20260908/tt-row-reduce-lab/tt-metal/runtime/sfpi/include -I/home/ubuntu/accelerator-projects-20260908/tt-row-reduce-lab/tt-metal/tt_metal/hw/ckernels/wormhole_b0/metal/common -I/home/ubuntu/accelerator-projects-20260908/tt-row-reduce-lab/tt-metal/tt_metal/hw/ckernels/wormhole_b0/metal/llk_io -I/home/ubuntu/accelerator-projects-20260908/tt-row-reduce-lab/tt-metal/tt_metal/hw/inc/internal/tt-1xx -I/home/ubuntu/accelerator-projects-20260908/tt-row-reduce-lab/tt-metal/tt_metal/hw/inc/internal/tt-1xx/wormhole -I/home/ubuntu/accelerator-projects-20260908/tt-row-reduce-lab/tt-metal/tt_metal/hw/inc/internal/tt-1xx/wormhole/wormhole_b0_defines -I/home/ubuntu/accelerator-projects-20260908/tt-row-reduce-lab/tt-metal/tt_metal/hw/inc/internal/tt-1xx/wormhole/noc -I/home/ubuntu/accelerator-projects-20260908/tt-row-reduce-lab/tt-metal/tt_metal/tt-llk/tt_llk_wormhole_b0/common/inc -I/home/ubuntu/accelerator-projects-20260908/tt-row-reduce-lab/tt-metal/tt_metal/tt-llk/tt_llk_wormhole_b0/llk_lib -I/home/ubuntu/accelerator-projects-20260908/tt-row-reduce-lab/tt-metal/tt_metal/hw/ckernels/wormhole_b0/metal/llk_api -I/home/ubuntu/accelerator-projects-20260908/tt-row-reduce-lab/tt-metal/tt_metal/hw/ckernels/wormhole_b0/metal/llk_api/llk_sfpu -I/home/ubuntu/accelerator-projects-20260908/tt-row-reduce-lab/tt-metal/tt_metal/hw/firmware/src/tt-1xx -I/home/ubuntu/accelerator-projects-20260908/tt-row-reduce-lab/project/kernels -DIS_NOT_POW2_NUM_DRAM_BANKS=1 -DIS_NOT_POW2_NUM_L1_BANKS=1 -DNUM_DRAM_BANKS=12 -DNUM_L1_BANKS=72 -DPCIE_NOC_X=0 -DPCIE_NOC_Y=3 -DTENSIX_FIRMWARE -DLOCAL_MEM_EN=0 -DPROFILE_KERNEL=1 -DPROFILER_FULL_HOST_BUFFER_SIZE_PER_RISC=48000 -DROUTING_FW_ENABLED -DDISABLE_SFPLOADMACRO -DPROCESSOR_INDEX=4 -DUCK_CHLKC_PACK -DCOMPILE_FOR_TRISC=2 -DPROGRAMMABLE_CORE_TYPE=0 -DARCH_WORMHOLE -DDISPATCH_MESSAGE_ADDR=4290183304 -DKERNEL_BUILD -DFULL_KERNEL_NAME="compute/8947209916683579367/" -include named_ct_arg_map_generated.h -c -o /home/ubuntu/accelerator-projects-20260908/tt-row-reduce-lab/kernel-cache/tt-metal-cache2300978436588769951/kernels/compute/8947209916683579367/trisc2/trisck.17282824022501373698_1454387.o /home/ubuntu/accelerator-projects-20260908/tt-row-reduce-lab/tt-metal/tt_metal/hw/firmware/src/tt-1xx/trisck.cc -MF /home/ubuntu/accelerator-projects-20260908/tt-row-reduce-lab/kernel-cache/tt-metal-cache2300978436588769951/kernels/compute/8947209916683579367/trisc2/trisck.17282824022501373698_1454387.d
In file included from /home/ubuntu/accelerator-projects-20260908/tt-row-reduce-lab/tt-metal/tt_metal/hw/ckernels/wormhole_b0/metal/llk_io/llk_io_pack.h:14,
                 from /home/ubuntu/accelerator-projects-20260908/tt-row-reduce-lab/tt-metal/tt_metal/hw/inc/internal/tt-1xx/dataflow_buffer.inl:15,
                 from /home/ubuntu/accelerator-projects-20260908/tt-row-reduce-lab/tt-metal/tt_metal/hw/inc/api/dataflow/dataflow_buffer.h:485,
                 from ../kernel_bindings_generated.h:6,
                 from ../chlkc_pack.cpp:2,
                 from /home/ubuntu/accelerator-projects-20260908/tt-row-reduce-lab/tt-metal/tt_metal/hw/ckernels/wormhole_b0/metal/common/chlkc_list.h:21,
                 from /home/ubuntu/accelerator-projects-20260908/tt-row-reduce-lab/tt-metal/tt_metal/hw/firmware/src/tt-1xx/trisck.cc:13:
/home/ubuntu/accelerator-projects-20260908/tt-row-reduce-lab/tt-metal/tt_metal/hw/ckernels/wormhole_b0/metal/llk_io/llk_io_pack.h: In function 'void llk_wait_for_free_tiles(int32_t, int32_t)':
/home/ubuntu/accelerator-projects-20260908/tt-row-reduce-lab/tt-metal/tt_metal/tools/profiler/kernel_profiler.hpp:31:22: note: '#pragma message: CB-COMPUTE-RESERVE-BACK,/home/ubuntu/accelerator-projects-20260908/tt-row-reduce-lab/tt-metal/tt_metal/hw/ckernels/wormhole_b0/metal/llk_io/llk_io_pack.h,21,KERNEL_PROFILER'
   31 | #define DO_PRAGMA(x) _Pragma(#x)
      |                      ^~~~~~~
/home/ubuntu/accelerator-projects-20260908/tt-row-reduce-lab/tt-metal/tt_metal/tools/profiler/kernel_profiler.hpp:1055:5: note: in expansion of macro 'DO_PRAGMA'
 1055 |     DO_PRAGMA(message(PROFILER_MSG_NAME(name)));                               \
      |     ^~~~~~~~~
/home/ubuntu/accelerator-projects-20260908/tt-row-reduce-lab/tt-metal/tt_metal/hw/ckernels/wormhole_b0/metal/llk_io/llk_io_pack.h:21:5: note: in expansion of macro 'DeviceZoneScopedSumN2'
   21 |     DeviceZoneScopedSumN2("CB-COMPUTE-RESERVE-BACK");
      |     ^~~~~~~~~~~~~~~~~~~~~
/home/ubuntu/accelerator-projects-20260908/tt-row-reduce-lab/project/kernels/compute.cpp: In function 'void kernel_main()':
/home/ubuntu/accelerator-projects-20260908/tt-row-reduce-lab/tt-metal/tt_metal/tools/profiler/kernel_profiler.hpp:31:22: note: '#pragma message: row_reduce_compute,/home/ubuntu/accelerator-projects-20260908/tt-row-reduce-lab/project/kernels/compute.cpp,13,KERNEL_PROFILER'
   31 | #define DO_PRAGMA(x) _Pragma(#x)
      |                      ^~~~~~~
/home/ubuntu/accelerator-projects-20260908/tt-row-reduce-lab/tt-metal/tt_metal/tools/profiler/kernel_profiler.hpp:986:5: note: in expansion of macro 'DO_PRAGMA'
  986 |     DO_PRAGMA(message(PROFILER_MSG_NAME(name)));                               \
      |     ^~~~~~~~~
/home/ubuntu/accelerator-projects-20260908/tt-row-reduce-lab/project/kernels/compute.cpp:13:5: note: in expansion of macro 'DeviceZoneScopedN'
   13 |     DeviceZoneScopedN("row_reduce_compute");
      |     ^~~~~~~~~~~~~~~~~
/home/ubuntu/accelerator-projects-20260908/tt-row-reduce-lab/tt-metal/tt_metal/hw/firmware/src/tt-1xx/trisck.cc: In function 'uint32_t _start()':
/home/ubuntu/accelerator-projects-20260908/tt-row-reduce-lab/tt-metal/tt_metal/tools/profiler/kernel_profiler.hpp:31:22: note: '#pragma message: TRISC-KERNEL,/home/ubuntu/accelerator-projects-20260908/tt-row-reduce-lab/tt-metal/tt_metal/hw/firmware/src/tt-1xx/trisck.cc,88,KERNEL_PROFILER'
   31 | #define DO_PRAGMA(x) _Pragma(#x)
      |                      ^~~~~~~
/home/ubuntu/accelerator-projects-20260908/tt-row-reduce-lab/tt-metal/tt_metal/tools/profiler/kernel_profiler.hpp:1045:5: note: in expansion of macro 'DO_PRAGMA'
 1045 |     DO_PRAGMA(message(PROFILER_MSG_NAME(name)));                               \
      |     ^~~~~~~~~
/home/ubuntu/accelerator-projects-20260908/tt-row-reduce-lab/tt-metal/tt_metal/hw/firmware/src/tt-1xx/trisck.cc:88:5: note: in expansion of macro 'DeviceZoneScopedMainChildN'
   88 |     DeviceZoneScopedMainChildN("TRISC-KERNEL");
      |     ^~~~~~~~~~~~~~~~~~~~~~~~~~
Building trisc1, compile step:
/home/ubuntu/accelerator-projects-20260908/tt-row-reduce-lab/tt-metal/runtime/sfpi/compiler/bin/riscv-tt-elf-g++ -O2 -std=c++17 -ftt-nttp -ftt-constinit -ftt-consteval -ftt-no-dyninit -flto=auto -ffast-math -fno-finite-math-only -fsigned-zeros -fno-associative-math -fno-exceptions -fno-rtti -fno-use-cxa-atexit -g -MMD -Wall -Werror -Wno-error=deprecated-declarations -Wno-error=multistatement-macros -Wno-error=parentheses -Wno-error=unused-but-set-variable -Wno-unused-variable -Wno-unused-function --param=min-pagesize=0 -mcpu=tt-wh-tensix -I. -I.. -I/home/ubuntu/accelerator-projects-20260908/tt-row-reduce-lab/tt-metal/ -I/home/ubuntu/accelerator-projects-20260908/tt-row-reduce-lab/tt-metal/ttnn -I/home/ubuntu/accelerator-projects-20260908/tt-row-reduce-lab/tt-metal/ttnn/cpp -I/home/ubuntu/accelerator-projects-20260908/tt-row-reduce-lab/tt-metal/tt_metal -I/home/ubuntu/accelerator-projects-20260908/tt-row-reduce-lab/tt-metal/tt_metal/hw/inc -I/home/ubuntu/accelerator-projects-20260908/tt-row-reduce-lab/tt-metal/tt_metal/tt-llk/common -I/home/ubuntu/accelerator-projects-20260908/tt-row-reduce-lab/tt-metal/tt_metal/tt-llk/tools/include -I/home/ubuntu/accelerator-projects-20260908/tt-row-reduce-lab/tt-metal/tt_metal/hostdevcommon/api -I/home/ubuntu/accelerator-projects-20260908/tt-row-reduce-lab/tt-metal/tt_metal/api/ -I/home/ubuntu/accelerator-projects-20260908/tt-row-reduce-lab/tt-metal/runtime/sfpi/include -I/home/ubuntu/accelerator-projects-20260908/tt-row-reduce-lab/tt-metal/tt_metal/hw/ckernels/wormhole_b0/metal/common -I/home/ubuntu/accelerator-projects-20260908/tt-row-reduce-lab/tt-metal/tt_metal/hw/ckernels/wormhole_b0/metal/llk_io -I/home/ubuntu/accelerator-projects-20260908/tt-row-reduce-lab/tt-metal/tt_metal/hw/inc/internal/tt-1xx -I/home/ubuntu/accelerator-projects-20260908/tt-row-reduce-lab/tt-metal/tt_metal/hw/inc/internal/tt-1xx/wormhole -I/home/ubuntu/accelerator-projects-20260908/tt-row-reduce-lab/tt-metal/tt_metal/hw/inc/internal/tt-1xx/wormhole/wormhole_b0_defines -I/home/ubuntu/accelerator-projects-20260908/tt-row-reduce-lab/tt-metal/tt_metal/hw/inc/internal/tt-1xx/wormhole/noc -I/home/ubuntu/accelerator-projects-20260908/tt-row-reduce-lab/tt-metal/tt_metal/tt-llk/tt_llk_wormhole_b0/common/inc -I/home/ubuntu/accelerator-projects-20260908/tt-row-reduce-lab/tt-metal/tt_metal/tt-llk/tt_llk_wormhole_b0/llk_lib -I/home/ubuntu/accelerator-projects-20260908/tt-row-reduce-lab/tt-metal/tt_metal/hw/ckernels/wormhole_b0/metal/llk_api -I/home/ubuntu/accelerator-projects-20260908/tt-row-reduce-lab/tt-metal/tt_metal/hw/ckernels/wormhole_b0/metal/llk_api/llk_sfpu -I/home/ubuntu/accelerator-projects-20260908/tt-row-reduce-lab/tt-metal/tt_metal/hw/firmware/src/tt-1xx -I/home/ubuntu/accelerator-projects-20260908/tt-row-reduce-lab/project/kernels -DIS_NOT_POW2_NUM_DRAM_BANKS=1 -DIS_NOT_POW2_NUM_L1_BANKS=1 -DNUM_DRAM_BANKS=12 -DNUM_L1_BANKS=72 -DPCIE_NOC_X=0 -DPCIE_NOC_Y=3 -DTENSIX_FIRMWARE -DLOCAL_MEM_EN=0 -DPROFILE_KERNEL=1 -DPROFILER_FULL_HOST_BUFFER_SIZE_PER_RISC=48000 -DROUTING_FW_ENABLED -DDISABLE_SFPLOADMACRO -DPROCESSOR_INDEX=3 -DUCK_CHLKC_MATH -DCOMPILE_FOR_TRISC=1 -DPROGRAMMABLE_CORE_TYPE=0 -DARCH_WORMHOLE -DDISPATCH_MESSAGE_ADDR=4290183304 -DKERNEL_BUILD -DFULL_KERNEL_NAME="compute/8947209916683579367/" -include named_ct_arg_map_generated.h -c -o /home/ubuntu/accelerator-projects-20260908/tt-row-reduce-lab/kernel-cache/tt-metal-cache2300978436588769951/kernels/compute/8947209916683579367/trisc1/trisck.17282824022501373698_1454387.o /home/ubuntu/accelerator-projects-20260908/tt-row-reduce-lab/tt-metal/tt_metal/hw/firmware/src/tt-1xx/trisck.cc -MF /home/ubuntu/accelerator-projects-20260908/tt-row-reduce-lab/kernel-cache/tt-metal-cache2300978436588769951/kernels/compute/8947209916683579367/trisc1/trisck.17282824022501373698_1454387.d
In file included from /home/ubuntu/accelerator-projects-20260908/tt-row-reduce-lab/project/kernels/compute.cpp:10,
                 from ../chlkc_math.cpp:5,
                 from /home/ubuntu/accelerator-projects-20260908/tt-row-reduce-lab/tt-metal/tt_metal/hw/ckernels/wormhole_b0/metal/common/chlkc_list.h:16,
                 from /home/ubuntu/accelerator-projects-20260908/tt-row-reduce-lab/tt-metal/tt_metal/hw/firmware/src/tt-1xx/trisck.cc:13:
/home/ubuntu/accelerator-projects-20260908/tt-row-reduce-lab/project/kernels/compute.cpp: In function 'void kernel_main()':
/home/ubuntu/accelerator-projects-20260908/tt-row-reduce-lab/tt-metal/tt_metal/tools/profiler/kernel_profiler.hpp:31:22: note: '#pragma message: row_reduce_compute,/home/ubuntu/accelerator-projects-20260908/tt-row-reduce-lab/project/kernels/compute.cpp,13,KERNEL_PROFILER'
   31 | #define DO_PRAGMA(x) _Pragma(#x)
      |                      ^~~~~~~
/home/ubuntu/accelerator-projects-20260908/tt-row-reduce-lab/tt-metal/tt_metal/tools/profiler/kernel_profiler.hpp:986:5: note: in expansion of macro 'DO_PRAGMA'
  986 |     DO_PRAGMA(message(PROFILER_MSG_NAME(name)));                               \
      |     ^~~~~~~~~
/home/ubuntu/accelerator-projects-20260908/tt-row-reduce-lab/project/kernels/compute.cpp:13:5: note: in expansion of macro 'DeviceZoneScopedN'
   13 |     DeviceZoneScopedN("row_reduce_compute");
      |     ^~~~~~~~~~~~~~~~~
/home/ubuntu/accelerator-projects-20260908/tt-row-reduce-lab/tt-metal/tt_metal/hw/firmware/src/tt-1xx/trisck.cc: In function 'uint32_t _start()':
/home/ubuntu/accelerator-projects-20260908/tt-row-reduce-lab/tt-metal/tt_metal/tools/profiler/kernel_profiler.hpp:31:22: note: '#pragma message: TRISC-KERNEL,/home/ubuntu/accelerator-projects-20260908/tt-row-reduce-lab/tt-metal/tt_metal/hw/firmware/src/tt-1xx/trisck.cc,88,KERNEL_PROFILER'
   31 | #define DO_PRAGMA(x) _Pragma(#x)
      |                      ^~~~~~~
/home/ubuntu/accelerator-projects-20260908/tt-row-reduce-lab/tt-metal/tt_metal/tools/profiler/kernel_profiler.hpp:1045:5: note: in expansion of macro 'DO_PRAGMA'
 1045 |     DO_PRAGMA(message(PROFILER_MSG_NAME(name)));                               \
      |     ^~~~~~~~~
/home/ubuntu/accelerator-projects-20260908/tt-row-reduce-lab/tt-metal/tt_metal/hw/firmware/src/tt-1xx/trisck.cc:88:5: note: in expansion of macro 'DeviceZoneScopedMainChildN'
   88 |     DeviceZoneScopedMainChildN("TRISC-KERNEL");
      |     ^~~~~~~~~~~~~~~~~~~~~~~~~~
