Cloning into 'tt-metal'...
From https://github.com/tenstorrent/tt-metal
 * branch                  89e1256c982a5b4739d173bcc446c8c748a44b40 -> FETCH_HEAD
HEAD is now at 89e1256c98 [skip ci] disable civ2 annotation download (#55841)
Submodule 'tt_metal/third_party/tracy' (https://github.com/tenstorrent-metal/tracy.git) registered for path 'tt_metal/third_party/tracy'
Submodule 'tt_metal/third_party/tt-cluster-descriptors' (https://github.com/tenstorrent/tt-cluster-descriptors.git) registered for path 'tt_metal/third_party/tt-cluster-descriptors'
Submodule 'tt_metal/third_party/umd' (https://github.com/tenstorrent/tt-umd.git) registered for path 'tt_metal/third_party/umd'
Cloning into '/home/ubuntu/accelerator-projects-20260908/tt-row-reduce-lab/tt-metal/tt_metal/third_party/tracy'...
Cloning into '/home/ubuntu/accelerator-projects-20260908/tt-row-reduce-lab/tt-metal/tt_metal/third_party/tt-cluster-descriptors'...
Cloning into '/home/ubuntu/accelerator-projects-20260908/tt-row-reduce-lab/tt-metal/tt_metal/third_party/umd'...
Submodule path 'tt_metal/third_party/tracy': checked out '117100515bb21d9a6b3a8f0eee50ecd91f961408'
Submodule path 'tt_metal/third_party/tt-cluster-descriptors': checked out '9bcf698e971a7a49df1aaf17892352c47d359d47'
From https://github.com/tenstorrent/tt-umd
 * branch            1d8da476f6576a2dc9d2d171a08c523beecc160f -> FETCH_HEAD
Submodule path 'tt_metal/third_party/umd': checked out '1d8da476f6576a2dc9d2d171a08c523beecc160f'
## HEAD (no branch)
 117100515bb21d9a6b3a8f0eee50ecd91f961408 tt_metal/third_party/tracy (heads/master)
 9bcf698e971a7a49df1aaf17892352c47d359d47 tt_metal/third_party/tt-cluster-descriptors (heads/main)
 1d8da476f6576a2dc9d2d171a08c523beecc160f tt_metal/third_party/umd (1d8da47)
881M	.
Filesystem      Size  Used Avail Use% Mounted on
/dev/sda1        45G   35G   11G  78% /
