Collecting pip
  Downloading pip-26.2.1-py3-none-any.whl.metadata (4.6 kB)
Collecting cmake==4.0.2
  Downloading cmake-4.0.2-py3-none-manylinux_2_17_aarch64.manylinux2014_aarch64.whl.metadata (6.3 kB)
Collecting ninja==1.11.1.4
  Downloading ninja-1.11.1.4-py3-none-manylinux_2_17_aarch64.manylinux2014_aarch64.whl.metadata (5.0 kB)
Collecting pyyaml
  Downloading pyyaml-6.0.3-cp310-cp310-manylinux2014_aarch64.manylinux_2_17_aarch64.manylinux_2_28_aarch64.whl.metadata (2.4 kB)
Collecting jinja2
  Downloading jinja2-3.1.6-py3-none-any.whl.metadata (2.9 kB)
Collecting loguru
  Downloading loguru-0.7.3-py3-none-any.whl.metadata (22 kB)
Collecting MarkupSafe>=2.0 (from jinja2)
  Downloading markupsafe-3.0.3-cp310-cp310-manylinux2014_aarch64.manylinux_2_17_aarch64.manylinux_2_28_aarch64.whl.metadata (2.7 kB)
Downloading cmake-4.0.2-py3-none-manylinux_2_17_aarch64.manylinux2014_aarch64.whl (27.3 MB)
   ━━━━━━━━━━━━━━━━━━━━━━━━━━━━━━━━━━━━━━━━ 27.3/27.3 MB 31.2 MB/s eta 0:00:00
Downloading ninja-1.11.1.4-py3-none-manylinux_2_17_aarch64.manylinux2014_aarch64.whl (156 kB)
Downloading pip-26.2.1-py3-none-any.whl (1.8 MB)
   ━━━━━━━━━━━━━━━━━━━━━━━━━━━━━━━━━━━━━━━━ 1.8/1.8 MB 86.1 MB/s eta 0:00:00
Downloading pyyaml-6.0.3-cp310-cp310-manylinux2014_aarch64.manylinux_2_17_aarch64.manylinux_2_28_aarch64.whl (740 kB)
   ━━━━━━━━━━━━━━━━━━━━━━━━━━━━━━━━━━━━━━━━ 740.6/740.6 kB 47.0 MB/s eta 0:00:00
Downloading jinja2-3.1.6-py3-none-any.whl (134 kB)
Downloading loguru-0.7.3-py3-none-any.whl (61 kB)
Downloading markupsafe-3.0.3-cp310-cp310-manylinux2014_aarch64.manylinux_2_17_aarch64.manylinux_2_28_aarch64.whl (22 kB)
Installing collected packages: pyyaml, pip, ninja, MarkupSafe, loguru, cmake, jinja2
Successfully installed MarkupSafe-3.0.3 cmake-4.0.2 jinja2-3.1.6 loguru-0.7.3 ninja-1.11.1.4 pip-26.2.1 pyyaml-6.0.3
